info: Starting Nest application... {"context":"NestFactory","timestamp":"2026-03-31T17:04:29.675Z"}
info: DbModule dependencies initialized {"context":"InstanceLoader","timestamp":"2026-03-31T17:04:29.801Z"}
info: TypeOrmModule dependencies initialized {"context":"InstanceLoader","timestamp":"2026-03-31T17:04:29.803Z"}
info: RedisModule dependencies initialized {"context":"InstanceLoader","timestamp":"2026-03-31T17:04:29.806Z"}
info: ConfigHostModule dependencies initialized {"context":"InstanceLoader","timestamp":"2026-03-31T17:04:30.137Z"}
info: JwtModule dependencies initialized {"context":"InstanceLoader","timestamp":"2026-03-31T17:04:30.139Z"}
info: LockerModule dependencies initialized {"context":"InstanceLoader","timestamp":"2026-03-31T17:04:30.140Z"}
info: SetupModule dependencies initialized {"context":"InstanceLoader","timestamp":"2026-03-31T17:04:30.161Z"}
info: MockModule dependencies initialized {"context":"InstanceLoader","timestamp":"2026-03-31T17:04:30.165Z"}
info: ConfigModule dependencies initialized {"context":"InstanceLoader","timestamp":"2026-03-31T17:04:30.167Z"}
info: ConfigModule dependencies initialized {"context":"InstanceLoader","timestamp":"2026-03-31T17:04:30.169Z"}
info: JwtModule dependencies initialized {"context":"InstanceLoader","timestamp":"2026-03-31T17:04:30.172Z"}
info: TypeOrmCoreModule dependencies initialized {"context":"InstanceLoader","timestamp":"2026-03-31T17:04:30.326Z"}
info: TypeOrmModule dependencies initialized {"context":"InstanceLoader","timestamp":"2026-03-31T17:04:30.328Z"}
info: TypeOrmModule dependencies initialized {"context":"InstanceLoader","timestamp":"2026-03-31T17:04:30.330Z"}
info: TypeOrmModule dependencies initialized {"context":"InstanceLoader","timestamp":"2026-03-31T17:04:30.331Z"}
info: TypeOrmModule dependencies initialized {"context":"InstanceLoader","timestamp":"2026-03-31T17:04:30.332Z"}
info: TypeOrmModule dependencies initialized {"context":"InstanceLoader","timestamp":"2026-03-31T17:04:30.333Z"}
info: TypeOrmModule dependencies initialized {"context":"InstanceLoader","timestamp":"2026-03-31T17:04:30.335Z"}
info: TypeOrmModule dependencies initialized {"context":"InstanceLoader","timestamp":"2026-03-31T17:04:30.338Z"}
info: I18nModule dependencies initialized {"context":"InstanceLoader","timestamp":"2026-03-31T17:04:30.404Z"}
info: MenuModule dependencies initialized {"context":"InstanceLoader","timestamp":"2026-03-31T17:04:30.416Z"}
info: ApplicationModule dependencies initialized {"context":"InstanceLoader","timestamp":"2026-03-31T17:04:30.418Z"}
info: PermissionModule dependencies initialized {"context":"InstanceLoader","timestamp":"2026-03-31T17:04:30.423Z"}
info: RoleModule dependencies initialized {"context":"InstanceLoader","timestamp":"2026-03-31T17:04:30.424Z"}
info: I18Module dependencies initialized {"context":"InstanceLoader","timestamp":"2026-03-31T17:04:30.426Z"}
info: AuthModule dependencies initialized {"context":"InstanceLoader","timestamp":"2026-03-31T17:04:30.427Z"}
info: AppModule dependencies initialized {"context":"InstanceLoader","timestamp":"2026-03-31T17:04:30.429Z"}
info: UserModule dependencies initialized {"context":"InstanceLoader","timestamp":"2026-03-31T17:04:30.435Z"}
info: HealthCheckController {/api/healthCheck}: {"context":"RoutesResolver","timestamp":"2026-03-31T17:04:30.551Z"}
info: Mapped {/healthCheck, GET} route {"context":"RouterExplorer","timestamp":"2026-03-31T17:04:30.560Z"}
info: UserController {/api/user}: {"context":"RoutesResolver","timestamp":"2026-03-31T17:04:30.561Z"}
info: Mapped {/api/user/reg, POST} route {"context":"RouterExplorer","timestamp":"2026-03-31T17:04:30.565Z"}
info: Mapped {/api/user/info/:email?, GET} route {"context":"RouterExplorer","timestamp":"2026-03-31T17:04:30.568Z"}
info: Mapped {/api/user/:email, DELETE} route {"context":"RouterExplorer","timestamp":"2026-03-31T17:04:30.570Z"}
info: Mapped {/api/user/update, PATCH} route {"context":"RouterExplorer","timestamp":"2026-03-31T17:04:30.575Z"}
info: Mapped {/api/user, GET} route {"context":"RouterExplorer","timestamp":"2026-03-31T17:04:30.577Z"}
info: Mapped {/api/user/admin/updatePwd, PATCH} route {"context":"RouterExplorer","timestamp":"2026-03-31T17:04:30.580Z"}
info: Mapped {/api/user/updatePwd, PATCH} route {"context":"RouterExplorer","timestamp":"2026-03-31T17:04:30.582Z"}
info: Mapped {/api/user/batch, POST} route {"context":"RouterExplorer","timestamp":"2026-03-31T17:04:30.584Z"}
info: PermissionController {/api/permission}: {"context":"RoutesResolver","timestamp":"2026-03-31T17:04:30.586Z"}
info: Mapped {/api/permission, POST} route {"context":"RouterExplorer","timestamp":"2026-03-31T17:04:30.591Z"}
info: Mapped {/api/permission, PATCH} route {"context":"RouterExplorer","timestamp":"2026-03-31T17:04:30.593Z"}
info: Mapped {/api/permission, GET} route {"context":"RouterExplorer","timestamp":"2026-03-31T17:04:30.595Z"}
info: Mapped {/api/permission/:id, DELETE} route {"context":"RouterExplorer","timestamp":"2026-03-31T17:04:30.597Z"}
info: AuthController {/api/auth}: {"context":"RoutesResolver","timestamp":"2026-03-31T17:04:30.598Z"}
info: Mapped {/api/auth/token/refresh, POST} route {"context":"RouterExplorer","timestamp":"2026-03-31T17:04:30.600Z"}
info: Mapped {/api/auth/login, POST} route {"context":"RouterExplorer","timestamp":"2026-03-31T17:04:30.602Z"}
info: Mapped {/api/auth/logout, POST} route {"context":"RouterExplorer","timestamp":"2026-03-31T17:04:30.603Z"}
info: Mapped {/api/auth/api-token, POST} route {"context":"RouterExplorer","timestamp":"2026-03-31T17:04:30.609Z"}
info: Mapped {/api/auth/revoke-api-token, POST} route {"context":"RouterExplorer","timestamp":"2026-03-31T17:04:30.610Z"}
info: RoleController {/api/role}: {"context":"RoutesResolver","timestamp":"2026-03-31T17:04:30.611Z"}
info: Mapped {/api/role, POST} route {"context":"RouterExplorer","timestamp":"2026-03-31T17:04:30.613Z"}
info: Mapped {/api/role, GET} route {"context":"RouterExplorer","timestamp":"2026-03-31T17:04:30.615Z"}
info: Mapped {/api/role/detail, GET} route {"context":"RouterExplorer","timestamp":"2026-03-31T17:04:30.616Z"}
info: Mapped {/api/role, PATCH} route {"context":"RouterExplorer","timestamp":"2026-03-31T17:04:30.618Z"}
info: Mapped {/api/role/:id, DELETE} route {"context":"RouterExplorer","timestamp":"2026-03-31T17:04:30.619Z"}
info: Mapped {/api/role/info/:id, GET} route {"context":"RouterExplorer","timestamp":"2026-03-31T17:04:30.625Z"}
info: MenuController {/api/menu}: {"context":"RoutesResolver","timestamp":"2026-03-31T17:04:30.626Z"}
info: Mapped {/api/menu/role/:email, GET} route {"context":"RouterExplorer","timestamp":"2026-03-31T17:04:30.628Z"}
info: Mapped {/api/menu, GET} route {"context":"RouterExplorer","timestamp":"2026-03-31T17:04:30.630Z"}
info: Mapped {/api/menu, POST} route {"context":"RouterExplorer","timestamp":"2026-03-31T17:04:30.631Z"}
info: Mapped {/api/menu, PATCH} route {"context":"RouterExplorer","timestamp":"2026-03-31T17:04:30.633Z"}
info: Mapped {/api/menu, DELETE} route {"context":"RouterExplorer","timestamp":"2026-03-31T17:04:30.634Z"}
info: ApplicationController {/api/application}: {"context":"RoutesResolver","timestamp":"2026-03-31T17:04:30.636Z"}
info: Mapped {/api/application, GET} route {"context":"RouterExplorer","timestamp":"2026-03-31T17:04:30.641Z"}
info: SetupController {/api/setup}: {"context":"RoutesResolver","timestamp":"2026-03-31T17:04:30.642Z"}
info: Mapped {/api/setup/check-environment, GET} route {"context":"RouterExplorer","timestamp":"2026-03-31T17:04:30.644Z"}
info: Mapped {/api/setup/save-config, POST} route {"context":"RouterExplorer","timestamp":"2026-03-31T17:04:30.646Z"}
info: Mapped {/api/setup/load-config, GET} route {"context":"RouterExplorer","timestamp":"2026-03-31T17:04:30.649Z"}
info: Mapped {/api/setup/test-config, POST} route {"context":"RouterExplorer","timestamp":"2026-03-31T17:04:30.650Z"}
info: Mapped {/api/setup/service-status, GET} route {"context":"RouterExplorer","timestamp":"2026-03-31T17:04:30.655Z"}
info: Mapped {/api/setup/logs, GET} route {"context":"RouterExplorer","timestamp":"2026-03-31T17:04:30.657Z"}
info: Mapped {/api/setup/create-admin, POST} route {"context":"RouterExplorer","timestamp":"2026-03-31T17:04:30.658Z"}
info: Mapped {/api/setup/start-runtime, POST} route {"context":"RouterExplorer","timestamp":"2026-03-31T17:04:30.660Z"}
info: Mapped {/api/setup/stop-runtime, POST} route {"context":"RouterExplorer","timestamp":"2026-03-31T17:04:30.661Z"}
info: Mapped {/api/setup/restart-runtime, POST} route {"context":"RouterExplorer","timestamp":"2026-03-31T17:04:30.663Z"}
info: Mapped {/api/setup/check-runtime, GET} route {"context":"RouterExplorer","timestamp":"2026-03-31T17:04:30.665Z"}
info: Mapped {/api/setup/install-runtime, POST} route {"context":"RouterExplorer","timestamp":"2026-03-31T17:04:30.670Z"}
info: Mapped {/api/setup/read-runtime-env, GET} route {"context":"RouterExplorer","timestamp":"2026-03-31T17:04:30.671Z"}
info: Mapped {/api/setup/save-runtime-env, POST} route {"context":"RouterExplorer","timestamp":"2026-03-31T17:04:30.673Z"}
info: Mapped {/api/setup/generate-ssl, POST} route {"context":"RouterExplorer","timestamp":"2026-03-31T17:04:30.674Z"}
info: Mapped {/api/setup/save-ssl, POST} route {"context":"RouterExplorer","timestamp":"2026-03-31T17:04:30.675Z"}
info: Mapped {/api/setup/create-admin, POST} route {"context":"RouterExplorer","timestamp":"2026-03-31T17:04:30.677Z"}
info: I18Controller {/api/i18}: {"context":"RoutesResolver","timestamp":"2026-03-31T17:04:30.678Z"}
info: Mapped {/api/i18, POST} route {"context":"RouterExplorer","timestamp":"2026-03-31T17:04:30.680Z"}
info: Mapped {/api/i18/format, GET} route {"context":"RouterExplorer","timestamp":"2026-03-31T17:04:30.685Z"}
info: Mapped {/api/i18, GET} route {"context":"RouterExplorer","timestamp":"2026-03-31T17:04:30.687Z"}
info: Mapped {/api/i18/:id, GET} route {"context":"RouterExplorer","timestamp":"2026-03-31T17:04:30.688Z"}
info: Mapped {/api/i18/:id, PATCH} route {"context":"RouterExplorer","timestamp":"2026-03-31T17:04:30.690Z"}
info: Mapped {/api/i18/:id, DELETE} route {"context":"RouterExplorer","timestamp":"2026-03-31T17:04:30.691Z"}
info: Mapped {/api/i18/batch, POST} route {"context":"RouterExplorer","timestamp":"2026-03-31T17:04:30.692Z"}
info: I18nLangController {/api/lang}: {"context":"RoutesResolver","timestamp":"2026-03-31T17:04:30.694Z"}
info: Mapped {/api/lang, POST} route {"context":"RouterExplorer","timestamp":"2026-03-31T17:04:30.696Z"}
info: Mapped {/api/lang, GET} route {"context":"RouterExplorer","timestamp":"2026-03-31T17:04:30.697Z"}
info: Mapped {/api/lang/:id, PATCH} route {"context":"RouterExplorer","timestamp":"2026-03-31T17:04:30.704Z"}
info: Mapped {/api/lang/:id, DELETE} route {"context":"RouterExplorer","timestamp":"2026-03-31T17:04:30.705Z"}
info: MockController {/api/mock}: {"context":"RoutesResolver","timestamp":"2026-03-31T17:04:30.707Z"}
info: Mapped {/api/mock/*, GET} route {"context":"RouterExplorer","timestamp":"2026-03-31T17:04:30.708Z"}
info: Mapped {/api/mock/*, POST} route {"context":"RouterExplorer","timestamp":"2026-03-31T17:04:30.710Z"}
info: Checking translation changes {"context":"I18nService","timestamp":"2026-03-31T17:04:31.110Z"}
info: No changes detected {"context":"I18nService","timestamp":"2026-03-31T17:04:31.144Z"}
warn: Lock file exists, if you want init again, please remove FLAG:INSTALL in your redis {"timestamp":"2026-03-31T17:04:31.150Z"}
info: Nest application successfully started {"context":"NestApplication","timestamp":"2026-03-31T17:04:31.156Z"}
info: Runtime 启动成功，PID: 5836 {"context":"SetupService","timestamp":"2026-03-31T17:06:52.696Z"}
info: Starting Nest application... {"context":"NestFactory","timestamp":"2026-03-31T17:35:11.420Z"}
info: DbModule dependencies initialized {"context":"InstanceLoader","timestamp":"2026-03-31T17:35:11.829Z"}
info: TypeOrmModule dependencies initialized {"context":"InstanceLoader","timestamp":"2026-03-31T17:35:11.919Z"}
info: RedisModule dependencies initialized {"context":"InstanceLoader","timestamp":"2026-03-31T17:35:12.023Z"}
info: ConfigHostModule dependencies initialized {"context":"InstanceLoader","timestamp":"2026-03-31T17:35:23.765Z"}
info: JwtModule dependencies initialized {"context":"InstanceLoader","timestamp":"2026-03-31T17:35:23.810Z"}
info: LockerModule dependencies initialized {"context":"InstanceLoader","timestamp":"2026-03-31T17:35:23.860Z"}
info: SetupModule dependencies initialized {"context":"InstanceLoader","timestamp":"2026-03-31T17:35:23.938Z"}
info: MockModule dependencies initialized {"context":"InstanceLoader","timestamp":"2026-03-31T17:35:23.953Z"}
info: ConfigModule dependencies initialized {"context":"InstanceLoader","timestamp":"2026-03-31T17:35:23.961Z"}
info: ConfigModule dependencies initialized {"context":"InstanceLoader","timestamp":"2026-03-31T17:35:23.966Z"}
info: JwtModule dependencies initialized {"context":"InstanceLoader","timestamp":"2026-03-31T17:35:23.986Z"}
info: TypeOrmCoreModule dependencies initialized {"context":"InstanceLoader","timestamp":"2026-03-31T17:35:25.916Z"}
info: TypeOrmModule dependencies initialized {"context":"InstanceLoader","timestamp":"2026-03-31T17:35:25.957Z"}
info: TypeOrmModule dependencies initialized {"context":"InstanceLoader","timestamp":"2026-03-31T17:35:26.002Z"}
info: TypeOrmModule dependencies initialized {"context":"InstanceLoader","timestamp":"2026-03-31T17:35:26.038Z"}
info: TypeOrmModule dependencies initialized {"context":"InstanceLoader","timestamp":"2026-03-31T17:35:26.078Z"}
info: TypeOrmModule dependencies initialized {"context":"InstanceLoader","timestamp":"2026-03-31T17:35:26.109Z"}
info: TypeOrmModule dependencies initialized {"context":"InstanceLoader","timestamp":"2026-03-31T17:35:26.144Z"}
info: TypeOrmModule dependencies initialized {"context":"InstanceLoader","timestamp":"2026-03-31T17:35:26.188Z"}
info: I18nModule dependencies initialized {"context":"InstanceLoader","timestamp":"2026-03-31T17:35:26.226Z"}
info: MenuModule dependencies initialized {"context":"InstanceLoader","timestamp":"2026-03-31T17:35:26.293Z"}
info: ApplicationModule dependencies initialized {"context":"InstanceLoader","timestamp":"2026-03-31T17:35:26.379Z"}
info: PermissionModule dependencies initialized {"context":"InstanceLoader","timestamp":"2026-03-31T17:35:26.426Z"}
info: RoleModule dependencies initialized {"context":"InstanceLoader","timestamp":"2026-03-31T17:35:26.445Z"}
info: I18Module dependencies initialized {"context":"InstanceLoader","timestamp":"2026-03-31T17:35:26.467Z"}
info: AuthModule dependencies initialized {"context":"InstanceLoader","timestamp":"2026-03-31T17:35:26.497Z"}
info: AppModule dependencies initialized {"context":"InstanceLoader","timestamp":"2026-03-31T17:35:26.524Z"}
info: UserModule dependencies initialized {"context":"InstanceLoader","timestamp":"2026-03-31T17:35:26.599Z"}
info: HealthCheckController {/api/healthCheck}: {"context":"RoutesResolver","timestamp":"2026-03-31T17:35:27.216Z"}
info: Mapped {/healthCheck, GET} route {"context":"RouterExplorer","timestamp":"2026-03-31T17:35:27.269Z"}
info: UserController {/api/user}: {"context":"RoutesResolver","timestamp":"2026-03-31T17:35:27.317Z"}
info: Mapped {/api/user/reg, POST} route {"context":"RouterExplorer","timestamp":"2026-03-31T17:35:27.365Z"}
info: Mapped {/api/user/info/:email?, GET} route {"context":"RouterExplorer","timestamp":"2026-03-31T17:35:27.387Z"}
info: Mapped {/api/user/:email, DELETE} route {"context":"RouterExplorer","timestamp":"2026-03-31T17:35:27.431Z"}
info: Mapped {/api/user/update, PATCH} route {"context":"RouterExplorer","timestamp":"2026-03-31T17:35:27.511Z"}
info: Mapped {/api/user, GET} route {"context":"RouterExplorer","timestamp":"2026-03-31T17:35:27.611Z"}
info: Mapped {/api/user/admin/updatePwd, PATCH} route {"context":"RouterExplorer","timestamp":"2026-03-31T17:35:27.697Z"}
info: Mapped {/api/user/updatePwd, PATCH} route {"context":"RouterExplorer","timestamp":"2026-03-31T17:35:27.802Z"}
info: Mapped {/api/user/batch, POST} route {"context":"RouterExplorer","timestamp":"2026-03-31T17:35:27.886Z"}
info: PermissionController {/api/permission}: {"context":"RoutesResolver","timestamp":"2026-03-31T17:35:27.970Z"}
info: Mapped {/api/permission, POST} route {"context":"RouterExplorer","timestamp":"2026-03-31T17:35:28.025Z"}
info: Mapped {/api/permission, PATCH} route {"context":"RouterExplorer","timestamp":"2026-03-31T17:35:28.087Z"}
info: Mapped {/api/permission, GET} route {"context":"RouterExplorer","timestamp":"2026-03-31T17:35:28.180Z"}
info: Mapped {/api/permission/:id, DELETE} route {"context":"RouterExplorer","timestamp":"2026-03-31T17:35:28.333Z"}
info: AuthController {/api/auth}: {"context":"RoutesResolver","timestamp":"2026-03-31T17:35:28.420Z"}
info: Mapped {/api/auth/token/refresh, POST} route {"context":"RouterExplorer","timestamp":"2026-03-31T17:35:28.459Z"}
info: Mapped {/api/auth/login, POST} route {"context":"RouterExplorer","timestamp":"2026-03-31T17:35:28.542Z"}
info: Mapped {/api/auth/logout, POST} route {"context":"RouterExplorer","timestamp":"2026-03-31T17:35:28.631Z"}
info: Mapped {/api/auth/api-token, POST} route {"context":"RouterExplorer","timestamp":"2026-03-31T17:35:28.717Z"}
info: Mapped {/api/auth/revoke-api-token, POST} route {"context":"RouterExplorer","timestamp":"2026-03-31T17:35:28.747Z"}
info: RoleController {/api/role}: {"context":"RoutesResolver","timestamp":"2026-03-31T17:35:28.813Z"}
info: Mapped {/api/role, POST} route {"context":"RouterExplorer","timestamp":"2026-03-31T17:35:28.881Z"}
info: Mapped {/api/role, GET} route {"context":"RouterExplorer","timestamp":"2026-03-31T17:35:28.967Z"}
info: Mapped {/api/role/detail, GET} route {"context":"RouterExplorer","timestamp":"2026-03-31T17:35:29.076Z"}
info: Mapped {/api/role, PATCH} route {"context":"RouterExplorer","timestamp":"2026-03-31T17:35:29.203Z"}
info: Mapped {/api/role/:id, DELETE} route {"context":"RouterExplorer","timestamp":"2026-03-31T17:35:29.352Z"}
info: Mapped {/api/role/info/:id, GET} route {"context":"RouterExplorer","timestamp":"2026-03-31T17:35:29.430Z"}
info: MenuController {/api/menu}: {"context":"RoutesResolver","timestamp":"2026-03-31T17:35:29.479Z"}
info: Mapped {/api/menu/role/:email, GET} route {"context":"RouterExplorer","timestamp":"2026-03-31T17:35:29.567Z"}
info: Mapped {/api/menu, GET} route {"context":"RouterExplorer","timestamp":"2026-03-31T17:35:29.638Z"}
info: Mapped {/api/menu, POST} route {"context":"RouterExplorer","timestamp":"2026-03-31T17:35:29.745Z"}
info: Mapped {/api/menu, PATCH} route {"context":"RouterExplorer","timestamp":"2026-03-31T17:35:29.815Z"}
info: Mapped {/api/menu, DELETE} route {"context":"RouterExplorer","timestamp":"2026-03-31T17:35:29.896Z"}
info: ApplicationController {/api/application}: {"context":"RoutesResolver","timestamp":"2026-03-31T17:35:29.967Z"}
info: Mapped {/api/application, GET} route {"context":"RouterExplorer","timestamp":"2026-03-31T17:35:30.059Z"}
info: SetupController {/api/setup}: {"context":"RoutesResolver","timestamp":"2026-03-31T17:35:30.095Z"}
info: Mapped {/api/setup/check-environment, GET} route {"context":"RouterExplorer","timestamp":"2026-03-31T17:35:30.151Z"}
info: Mapped {/api/setup/save-config, POST} route {"context":"RouterExplorer","timestamp":"2026-03-31T17:35:30.187Z"}
info: Mapped {/api/setup/load-config, GET} route {"context":"RouterExplorer","timestamp":"2026-03-31T17:35:30.333Z"}
info: Mapped {/api/setup/test-config, POST} route {"context":"RouterExplorer","timestamp":"2026-03-31T17:35:30.443Z"}
info: Mapped {/api/setup/service-status, GET} route {"context":"RouterExplorer","timestamp":"2026-03-31T17:35:30.552Z"}
info: Mapped {/api/setup/logs, GET} route {"context":"RouterExplorer","timestamp":"2026-03-31T17:35:30.600Z"}
info: Mapped {/api/setup/create-admin, POST} route {"context":"RouterExplorer","timestamp":"2026-03-31T17:35:30.628Z"}
info: Mapped {/api/setup/start-runtime, POST} route {"context":"RouterExplorer","timestamp":"2026-03-31T17:35:30.684Z"}
info: Mapped {/api/setup/stop-runtime, POST} route {"context":"RouterExplorer","timestamp":"2026-03-31T17:35:30.735Z"}
info: Mapped {/api/setup/restart-runtime, POST} route {"context":"RouterExplorer","timestamp":"2026-03-31T17:35:30.777Z"}
info: Mapped {/api/setup/check-runtime, GET} route {"context":"RouterExplorer","timestamp":"2026-03-31T17:35:30.874Z"}
info: Mapped {/api/setup/install-runtime, POST} route {"context":"RouterExplorer","timestamp":"2026-03-31T17:35:30.942Z"}
info: Mapped {/api/setup/read-runtime-env, GET} route {"context":"RouterExplorer","timestamp":"2026-03-31T17:35:31.050Z"}
info: Mapped {/api/setup/save-runtime-env, POST} route {"context":"RouterExplorer","timestamp":"2026-03-31T17:35:31.134Z"}
info: Mapped {/api/setup/generate-ssl, POST} route {"context":"RouterExplorer","timestamp":"2026-03-31T17:35:31.200Z"}
info: Mapped {/api/setup/save-ssl, POST} route {"context":"RouterExplorer","timestamp":"2026-03-31T17:35:31.275Z"}
info: Mapped {/api/setup/create-admin, POST} route {"context":"RouterExplorer","timestamp":"2026-03-31T17:35:31.415Z"}
info: I18Controller {/api/i18}: {"context":"RoutesResolver","timestamp":"2026-03-31T17:35:31.532Z"}
info: Mapped {/api/i18, POST} route {"context":"RouterExplorer","timestamp":"2026-03-31T17:35:31.632Z"}
info: Mapped {/api/i18/format, GET} route {"context":"RouterExplorer","timestamp":"2026-03-31T17:35:31.759Z"}
info: Mapped {/api/i18, GET} route {"context":"RouterExplorer","timestamp":"2026-03-31T17:35:31.929Z"}
info: Mapped {/api/i18/:id, GET} route {"context":"RouterExplorer","timestamp":"2026-03-31T17:35:32.067Z"}
info: Mapped {/api/i18/:id, PATCH} route {"context":"RouterExplorer","timestamp":"2026-03-31T17:35:32.284Z"}
info: Mapped {/api/i18/:id, DELETE} route {"context":"RouterExplorer","timestamp":"2026-03-31T17:35:32.395Z"}
info: Mapped {/api/i18/batch, POST} route {"context":"RouterExplorer","timestamp":"2026-03-31T17:35:32.479Z"}
info: I18nLangController {/api/lang}: {"context":"RoutesResolver","timestamp":"2026-03-31T17:35:32.545Z"}
info: Mapped {/api/lang, POST} route {"context":"RouterExplorer","timestamp":"2026-03-31T17:35:32.636Z"}
info: Mapped {/api/lang, GET} route {"context":"RouterExplorer","timestamp":"2026-03-31T17:35:32.693Z"}
info: Mapped {/api/lang/:id, PATCH} route {"context":"RouterExplorer","timestamp":"2026-03-31T17:35:32.763Z"}
info: Mapped {/api/lang/:id, DELETE} route {"context":"RouterExplorer","timestamp":"2026-03-31T17:35:33.007Z"}
info: MockController {/api/mock}: {"context":"RoutesResolver","timestamp":"2026-03-31T17:35:33.043Z"}
info: Mapped {/api/mock/*, GET} route {"context":"RouterExplorer","timestamp":"2026-03-31T17:35:33.112Z"}
info: Mapped {/api/mock/*, POST} route {"context":"RouterExplorer","timestamp":"2026-03-31T17:35:33.137Z"}
info: Checking translation changes {"context":"I18nService","timestamp":"2026-03-31T17:35:36.601Z"}
info: No changes detected {"context":"I18nService","timestamp":"2026-03-31T17:35:36.905Z"}
warn: Lock file exists, if you want init again, please remove FLAG:INSTALL in your redis {"timestamp":"2026-03-31T17:35:36.958Z"}
info: Nest application successfully started {"context":"NestApplication","timestamp":"2026-03-31T17:35:37.024Z"}
