info: Starting Nest application... {"context":"NestFactory","timestamp":"2026-04-01T11:12:52.923Z"}
info: DbModule dependencies initialized {"context":"InstanceLoader","timestamp":"2026-04-01T11:12:52.972Z"}
info: TypeOrmModule dependencies initialized {"context":"InstanceLoader","timestamp":"2026-04-01T11:12:52.974Z"}
info: RedisModule dependencies initialized {"context":"InstanceLoader","timestamp":"2026-04-01T11:12:52.975Z"}
info: ConfigHostModule dependencies initialized {"context":"InstanceLoader","timestamp":"2026-04-01T11:12:55.842Z"}
info: JwtModule dependencies initialized {"context":"InstanceLoader","timestamp":"2026-04-01T11:12:55.844Z"}
info: LockerModule dependencies initialized {"context":"InstanceLoader","timestamp":"2026-04-01T11:12:55.846Z"}
info: SetupModule dependencies initialized {"context":"InstanceLoader","timestamp":"2026-04-01T11:12:55.867Z"}
info: MockModule dependencies initialized {"context":"InstanceLoader","timestamp":"2026-04-01T11:12:55.869Z"}
info: ConfigModule dependencies initialized {"context":"InstanceLoader","timestamp":"2026-04-01T11:12:55.871Z"}
info: ConfigModule dependencies initialized {"context":"InstanceLoader","timestamp":"2026-04-01T11:12:55.872Z"}
info: JwtModule dependencies initialized {"context":"InstanceLoader","timestamp":"2026-04-01T11:12:55.875Z"}
info: I18nModule dependencies initialized {"context":"InstanceLoader","timestamp":"2026-04-01T11:12:56.343Z"}
info: TypeOrmCoreModule dependencies initialized {"context":"InstanceLoader","timestamp":"2026-04-01T11:12:56.370Z"}
info: TypeOrmModule dependencies initialized {"context":"InstanceLoader","timestamp":"2026-04-01T11:12:56.371Z"}
info: TypeOrmModule dependencies initialized {"context":"InstanceLoader","timestamp":"2026-04-01T11:12:56.372Z"}
info: TypeOrmModule dependencies initialized {"context":"InstanceLoader","timestamp":"2026-04-01T11:12:56.372Z"}
info: TypeOrmModule dependencies initialized {"context":"InstanceLoader","timestamp":"2026-04-01T11:12:56.374Z"}
info: TypeOrmModule dependencies initialized {"context":"InstanceLoader","timestamp":"2026-04-01T11:12:56.375Z"}
info: TypeOrmModule dependencies initialized {"context":"InstanceLoader","timestamp":"2026-04-01T11:12:56.376Z"}
info: TypeOrmModule dependencies initialized {"context":"InstanceLoader","timestamp":"2026-04-01T11:12:56.377Z"}
info: MenuModule dependencies initialized {"context":"InstanceLoader","timestamp":"2026-04-01T11:12:56.388Z"}
info: ApplicationModule dependencies initialized {"context":"InstanceLoader","timestamp":"2026-04-01T11:12:56.389Z"}
info: PermissionModule dependencies initialized {"context":"InstanceLoader","timestamp":"2026-04-01T11:12:56.393Z"}
info: RoleModule dependencies initialized {"context":"InstanceLoader","timestamp":"2026-04-01T11:12:56.394Z"}
info: I18Module dependencies initialized {"context":"InstanceLoader","timestamp":"2026-04-01T11:12:56.395Z"}
info: AuthModule dependencies initialized {"context":"InstanceLoader","timestamp":"2026-04-01T11:12:56.396Z"}
info: AppModule dependencies initialized {"context":"InstanceLoader","timestamp":"2026-04-01T11:12:56.397Z"}
info: UserModule dependencies initialized {"context":"InstanceLoader","timestamp":"2026-04-01T11:12:56.401Z"}
info: HealthCheckController {/api/healthCheck}: {"context":"RoutesResolver","timestamp":"2026-04-01T11:12:56.557Z"}
info: Mapped {/healthCheck, GET} route {"context":"RouterExplorer","timestamp":"2026-04-01T11:12:56.562Z"}
info: UserController {/api/user}: {"context":"RoutesResolver","timestamp":"2026-04-01T11:12:56.563Z"}
info: Mapped {/api/user/reg, POST} route {"context":"RouterExplorer","timestamp":"2026-04-01T11:12:56.565Z"}
info: Mapped {/api/user/info/:email?, GET} route {"context":"RouterExplorer","timestamp":"2026-04-01T11:12:56.567Z"}
info: Mapped {/api/user/:email, DELETE} route {"context":"RouterExplorer","timestamp":"2026-04-01T11:12:56.569Z"}
info: Mapped {/api/user/update, PATCH} route {"context":"RouterExplorer","timestamp":"2026-04-01T11:12:56.571Z"}
info: Mapped {/api/user, GET} route {"context":"RouterExplorer","timestamp":"2026-04-01T11:12:56.572Z"}
info: Mapped {/api/user/admin/updatePwd, PATCH} route {"context":"RouterExplorer","timestamp":"2026-04-01T11:12:56.574Z"}
info: Mapped {/api/user/updatePwd, PATCH} route {"context":"RouterExplorer","timestamp":"2026-04-01T11:12:56.575Z"}
info: Mapped {/api/user/batch, POST} route {"context":"RouterExplorer","timestamp":"2026-04-01T11:12:56.577Z"}
info: PermissionController {/api/permission}: {"context":"RoutesResolver","timestamp":"2026-04-01T11:12:56.578Z"}
info: Mapped {/api/permission, POST} route {"context":"RouterExplorer","timestamp":"2026-04-01T11:12:56.580Z"}
info: Mapped {/api/permission, PATCH} route {"context":"RouterExplorer","timestamp":"2026-04-01T11:12:56.586Z"}
info: Mapped {/api/permission, GET} route {"context":"RouterExplorer","timestamp":"2026-04-01T11:12:56.588Z"}
info: Mapped {/api/permission/:id, DELETE} route {"context":"RouterExplorer","timestamp":"2026-04-01T11:12:56.589Z"}
info: AuthController {/api/auth}: {"context":"RoutesResolver","timestamp":"2026-04-01T11:12:56.590Z"}
info: Mapped {/api/auth/token/refresh, POST} route {"context":"RouterExplorer","timestamp":"2026-04-01T11:12:56.592Z"}
info: Mapped {/api/auth/login, POST} route {"context":"RouterExplorer","timestamp":"2026-04-01T11:12:56.593Z"}
info: Mapped {/api/auth/logout, POST} route {"context":"RouterExplorer","timestamp":"2026-04-01T11:12:56.594Z"}
info: Mapped {/api/auth/api-token, POST} route {"context":"RouterExplorer","timestamp":"2026-04-01T11:12:56.599Z"}
info: Mapped {/api/auth/revoke-api-token, POST} route {"context":"RouterExplorer","timestamp":"2026-04-01T11:12:56.600Z"}
info: RoleController {/api/role}: {"context":"RoutesResolver","timestamp":"2026-04-01T11:12:56.601Z"}
info: Mapped {/api/role, POST} route {"context":"RouterExplorer","timestamp":"2026-04-01T11:12:56.603Z"}
info: Mapped {/api/role, GET} route {"context":"RouterExplorer","timestamp":"2026-04-01T11:12:56.604Z"}
info: Mapped {/api/role/detail, GET} route {"context":"RouterExplorer","timestamp":"2026-04-01T11:12:56.605Z"}
info: Mapped {/api/role, PATCH} route {"context":"RouterExplorer","timestamp":"2026-04-01T11:12:56.607Z"}
info: Mapped {/api/role/:id, DELETE} route {"context":"RouterExplorer","timestamp":"2026-04-01T11:12:56.608Z"}
info: Mapped {/api/role/info/:id, GET} route {"context":"RouterExplorer","timestamp":"2026-04-01T11:12:56.609Z"}
info: MenuController {/api/menu}: {"context":"RoutesResolver","timestamp":"2026-04-01T11:12:56.610Z"}
info: Mapped {/api/menu/role/:email, GET} route {"context":"RouterExplorer","timestamp":"2026-04-01T11:12:56.615Z"}
info: Mapped {/api/menu, GET} route {"context":"RouterExplorer","timestamp":"2026-04-01T11:12:56.616Z"}
info: Mapped {/api/menu, POST} route {"context":"RouterExplorer","timestamp":"2026-04-01T11:12:56.617Z"}
info: Mapped {/api/menu, PATCH} route {"context":"RouterExplorer","timestamp":"2026-04-01T11:12:56.618Z"}
info: Mapped {/api/menu, DELETE} route {"context":"RouterExplorer","timestamp":"2026-04-01T11:12:56.619Z"}
info: ApplicationController {/api/application}: {"context":"RoutesResolver","timestamp":"2026-04-01T11:12:56.621Z"}
info: Mapped {/api/application, GET} route {"context":"RouterExplorer","timestamp":"2026-04-01T11:12:56.622Z"}
info: SetupController {/api/setup}: {"context":"RoutesResolver","timestamp":"2026-04-01T11:12:56.623Z"}
info: Mapped {/api/setup/check-environment, GET} route {"context":"RouterExplorer","timestamp":"2026-04-01T11:12:56.624Z"}
info: Mapped {/api/setup/save-config, POST} route {"context":"RouterExplorer","timestamp":"2026-04-01T11:12:56.626Z"}
info: Mapped {/api/setup/load-config, GET} route {"context":"RouterExplorer","timestamp":"2026-04-01T11:12:56.632Z"}
info: Mapped {/api/setup/test-config, POST} route {"context":"RouterExplorer","timestamp":"2026-04-01T11:12:56.633Z"}
info: Mapped {/api/setup/service-status, GET} route {"context":"RouterExplorer","timestamp":"2026-04-01T11:12:56.634Z"}
info: Mapped {/api/setup/logs, GET} route {"context":"RouterExplorer","timestamp":"2026-04-01T11:12:56.636Z"}
info: Mapped {/api/setup/create-admin, POST} route {"context":"RouterExplorer","timestamp":"2026-04-01T11:12:56.637Z"}
info: Mapped {/api/setup/start-runtime, POST} route {"context":"RouterExplorer","timestamp":"2026-04-01T11:12:56.638Z"}
info: Mapped {/api/setup/stop-runtime, POST} route {"context":"RouterExplorer","timestamp":"2026-04-01T11:12:56.639Z"}
info: Mapped {/api/setup/restart-runtime, POST} route {"context":"RouterExplorer","timestamp":"2026-04-01T11:12:56.640Z"}
info: Mapped {/api/setup/check-runtime, GET} route {"context":"RouterExplorer","timestamp":"2026-04-01T11:12:56.642Z"}
info: Mapped {/api/setup/install-runtime, POST} route {"context":"RouterExplorer","timestamp":"2026-04-01T11:12:56.646Z"}
info: Mapped {/api/setup/read-runtime-env, GET} route {"context":"RouterExplorer","timestamp":"2026-04-01T11:12:56.648Z"}
info: Mapped {/api/setup/save-runtime-env, POST} route {"context":"RouterExplorer","timestamp":"2026-04-01T11:12:56.649Z"}
info: Mapped {/api/setup/generate-ssl, POST} route {"context":"RouterExplorer","timestamp":"2026-04-01T11:12:56.651Z"}
info: Mapped {/api/setup/save-ssl, POST} route {"context":"RouterExplorer","timestamp":"2026-04-01T11:12:56.652Z"}
info: Mapped {/api/setup/create-admin, POST} route {"context":"RouterExplorer","timestamp":"2026-04-01T11:12:56.653Z"}
info: I18Controller {/api/i18}: {"context":"RoutesResolver","timestamp":"2026-04-01T11:12:56.654Z"}
info: Mapped {/api/i18, POST} route {"context":"RouterExplorer","timestamp":"2026-04-01T11:12:56.655Z"}
info: Mapped {/api/i18/format, GET} route {"context":"RouterExplorer","timestamp":"2026-04-01T11:12:56.656Z"}
info: Mapped {/api/i18, GET} route {"context":"RouterExplorer","timestamp":"2026-04-01T11:12:56.657Z"}
info: Mapped {/api/i18/:id, GET} route {"context":"RouterExplorer","timestamp":"2026-04-01T11:12:56.663Z"}
info: Mapped {/api/i18/:id, PATCH} route {"context":"RouterExplorer","timestamp":"2026-04-01T11:12:56.664Z"}
info: Mapped {/api/i18/:id, DELETE} route {"context":"RouterExplorer","timestamp":"2026-04-01T11:12:56.665Z"}
info: Mapped {/api/i18/batch, POST} route {"context":"RouterExplorer","timestamp":"2026-04-01T11:12:56.666Z"}
info: I18nLangController {/api/lang}: {"context":"RoutesResolver","timestamp":"2026-04-01T11:12:56.667Z"}
info: Mapped {/api/lang, POST} route {"context":"RouterExplorer","timestamp":"2026-04-01T11:12:56.668Z"}
info: Mapped {/api/lang, GET} route {"context":"RouterExplorer","timestamp":"2026-04-01T11:12:56.670Z"}
info: Mapped {/api/lang/:id, PATCH} route {"context":"RouterExplorer","timestamp":"2026-04-01T11:12:56.671Z"}
info: Mapped {/api/lang/:id, DELETE} route {"context":"RouterExplorer","timestamp":"2026-04-01T11:12:56.672Z"}
info: MockController {/api/mock}: {"context":"RoutesResolver","timestamp":"2026-04-01T11:12:56.673Z"}
info: Mapped {/api/mock/*, GET} route {"context":"RouterExplorer","timestamp":"2026-04-01T11:12:56.674Z"}
info: Mapped {/api/mock/*, POST} route {"context":"RouterExplorer","timestamp":"2026-04-01T11:12:56.675Z"}
info: Checking translation changes {"context":"I18nService","timestamp":"2026-04-01T11:12:57.045Z"}
info: No changes detected {"context":"I18nService","timestamp":"2026-04-01T11:12:57.069Z"}
warn: Lock file exists, if you want init again, please remove FLAG:INSTALL in your redis {"timestamp":"2026-04-01T11:12:57.073Z"}
info: Nest application successfully started {"context":"NestApplication","timestamp":"2026-04-01T11:12:57.077Z"}
