info: Starting Nest application... {"context":"NestFactory","timestamp":"2026-03-30T09:25:18.348Z"}
info: DbModule dependencies initialized {"context":"InstanceLoader","timestamp":"2026-03-30T09:25:18.421Z"}
info: TypeOrmModule dependencies initialized {"context":"InstanceLoader","timestamp":"2026-03-30T09:25:18.423Z"}
info: RedisModule dependencies initialized {"context":"InstanceLoader","timestamp":"2026-03-30T09:25:18.425Z"}
info: ConfigHostModule dependencies initialized {"context":"InstanceLoader","timestamp":"2026-03-30T09:25:18.830Z"}
info: JwtModule dependencies initialized {"context":"InstanceLoader","timestamp":"2026-03-30T09:25:18.832Z"}
info: LockerModule dependencies initialized {"context":"InstanceLoader","timestamp":"2026-03-30T09:25:18.834Z"}
info: SetupModule dependencies initialized {"context":"InstanceLoader","timestamp":"2026-03-30T09:25:18.858Z"}
info: MockModule dependencies initialized {"context":"InstanceLoader","timestamp":"2026-03-30T09:25:18.860Z"}
info: ConfigModule dependencies initialized {"context":"InstanceLoader","timestamp":"2026-03-30T09:25:18.862Z"}
info: ConfigModule dependencies initialized {"context":"InstanceLoader","timestamp":"2026-03-30T09:25:18.864Z"}
info: JwtModule dependencies initialized {"context":"InstanceLoader","timestamp":"2026-03-30T09:25:18.866Z"}
info: TypeOrmCoreModule dependencies initialized {"context":"InstanceLoader","timestamp":"2026-03-30T09:25:19.037Z"}
info: TypeOrmModule dependencies initialized {"context":"InstanceLoader","timestamp":"2026-03-30T09:25:19.038Z"}
info: TypeOrmModule dependencies initialized {"context":"InstanceLoader","timestamp":"2026-03-30T09:25:19.039Z"}
info: TypeOrmModule dependencies initialized {"context":"InstanceLoader","timestamp":"2026-03-30T09:25:19.039Z"}
info: TypeOrmModule dependencies initialized {"context":"InstanceLoader","timestamp":"2026-03-30T09:25:19.040Z"}
info: TypeOrmModule dependencies initialized {"context":"InstanceLoader","timestamp":"2026-03-30T09:25:19.041Z"}
info: TypeOrmModule dependencies initialized {"context":"InstanceLoader","timestamp":"2026-03-30T09:25:19.042Z"}
info: TypeOrmModule dependencies initialized {"context":"InstanceLoader","timestamp":"2026-03-30T09:25:19.042Z"}
info: I18nModule dependencies initialized {"context":"InstanceLoader","timestamp":"2026-03-30T09:25:19.076Z"}
info: MenuModule dependencies initialized {"context":"InstanceLoader","timestamp":"2026-03-30T09:25:19.082Z"}
info: ApplicationModule dependencies initialized {"context":"InstanceLoader","timestamp":"2026-03-30T09:25:19.083Z"}
info: PermissionModule dependencies initialized {"context":"InstanceLoader","timestamp":"2026-03-30T09:25:19.086Z"}
info: RoleModule dependencies initialized {"context":"InstanceLoader","timestamp":"2026-03-30T09:25:19.087Z"}
info: I18Module dependencies initialized {"context":"InstanceLoader","timestamp":"2026-03-30T09:25:19.087Z"}
info: AuthModule dependencies initialized {"context":"InstanceLoader","timestamp":"2026-03-30T09:25:19.088Z"}
info: AppModule dependencies initialized {"context":"InstanceLoader","timestamp":"2026-03-30T09:25:19.089Z"}
info: UserModule dependencies initialized {"context":"InstanceLoader","timestamp":"2026-03-30T09:25:19.090Z"}
info: HealthCheckController {/api/healthCheck}: {"context":"RoutesResolver","timestamp":"2026-03-30T09:25:19.218Z"}
info: Mapped {/healthCheck, GET} route {"context":"RouterExplorer","timestamp":"2026-03-30T09:25:19.225Z"}
info: UserController {/api/user}: {"context":"RoutesResolver","timestamp":"2026-03-30T09:25:19.226Z"}
info: Mapped {/api/user/reg, POST} route {"context":"RouterExplorer","timestamp":"2026-03-30T09:25:19.229Z"}
info: Mapped {/api/user/info/:email?, GET} route {"context":"RouterExplorer","timestamp":"2026-03-30T09:25:19.231Z"}
info: Mapped {/api/user/:email, DELETE} route {"context":"RouterExplorer","timestamp":"2026-03-30T09:25:19.233Z"}
info: Mapped {/api/user/update, PATCH} route {"context":"RouterExplorer","timestamp":"2026-03-30T09:25:19.235Z"}
info: Mapped {/api/user, GET} route {"context":"RouterExplorer","timestamp":"2026-03-30T09:25:19.236Z"}
info: Mapped {/api/user/admin/updatePwd, PATCH} route {"context":"RouterExplorer","timestamp":"2026-03-30T09:25:19.238Z"}
info: Mapped {/api/user/updatePwd, PATCH} route {"context":"RouterExplorer","timestamp":"2026-03-30T09:25:19.239Z"}
info: Mapped {/api/user/batch, POST} route {"context":"RouterExplorer","timestamp":"2026-03-30T09:25:19.241Z"}
info: PermissionController {/api/permission}: {"context":"RoutesResolver","timestamp":"2026-03-30T09:25:19.242Z"}
info: Mapped {/api/permission, POST} route {"context":"RouterExplorer","timestamp":"2026-03-30T09:25:19.244Z"}
info: Mapped {/api/permission, PATCH} route {"context":"RouterExplorer","timestamp":"2026-03-30T09:25:19.245Z"}
info: Mapped {/api/permission, GET} route {"context":"RouterExplorer","timestamp":"2026-03-30T09:25:19.247Z"}
info: Mapped {/api/permission/:id, DELETE} route {"context":"RouterExplorer","timestamp":"2026-03-30T09:25:19.249Z"}
info: AuthController {/api/auth}: {"context":"RoutesResolver","timestamp":"2026-03-30T09:25:19.250Z"}
info: Mapped {/api/auth/token/refresh, POST} route {"context":"RouterExplorer","timestamp":"2026-03-30T09:25:19.251Z"}
info: Mapped {/api/auth/login, POST} route {"context":"RouterExplorer","timestamp":"2026-03-30T09:25:19.253Z"}
info: Mapped {/api/auth/logout, POST} route {"context":"RouterExplorer","timestamp":"2026-03-30T09:25:19.254Z"}
info: Mapped {/api/auth/api-token, POST} route {"context":"RouterExplorer","timestamp":"2026-03-30T09:25:19.256Z"}
info: Mapped {/api/auth/revoke-api-token, POST} route {"context":"RouterExplorer","timestamp":"2026-03-30T09:25:19.258Z"}
info: RoleController {/api/role}: {"context":"RoutesResolver","timestamp":"2026-03-30T09:25:19.259Z"}
info: Mapped {/api/role, POST} route {"context":"RouterExplorer","timestamp":"2026-03-30T09:25:19.260Z"}
info: Mapped {/api/role, GET} route {"context":"RouterExplorer","timestamp":"2026-03-30T09:25:19.261Z"}
info: Mapped {/api/role/detail, GET} route {"context":"RouterExplorer","timestamp":"2026-03-30T09:25:19.262Z"}
info: Mapped {/api/role, PATCH} route {"context":"RouterExplorer","timestamp":"2026-03-30T09:25:19.264Z"}
info: Mapped {/api/role/:id, DELETE} route {"context":"RouterExplorer","timestamp":"2026-03-30T09:25:19.265Z"}
info: Mapped {/api/role/info/:id, GET} route {"context":"RouterExplorer","timestamp":"2026-03-30T09:25:19.267Z"}
info: MenuController {/api/menu}: {"context":"RoutesResolver","timestamp":"2026-03-30T09:25:19.268Z"}
info: Mapped {/api/menu/role/:email, GET} route {"context":"RouterExplorer","timestamp":"2026-03-30T09:25:19.270Z"}
info: Mapped {/api/menu, GET} route {"context":"RouterExplorer","timestamp":"2026-03-30T09:25:19.271Z"}
info: Mapped {/api/menu, POST} route {"context":"RouterExplorer","timestamp":"2026-03-30T09:25:19.273Z"}
info: Mapped {/api/menu, PATCH} route {"context":"RouterExplorer","timestamp":"2026-03-30T09:25:19.274Z"}
info: Mapped {/api/menu, DELETE} route {"context":"RouterExplorer","timestamp":"2026-03-30T09:25:19.276Z"}
info: ApplicationController {/api/application}: {"context":"RoutesResolver","timestamp":"2026-03-30T09:25:19.277Z"}
info: Mapped {/api/application, GET} route {"context":"RouterExplorer","timestamp":"2026-03-30T09:25:19.279Z"}
info: SetupController {/api/setup}: {"context":"RoutesResolver","timestamp":"2026-03-30T09:25:19.280Z"}
info: Mapped {/api/setup/check-environment, GET} route {"context":"RouterExplorer","timestamp":"2026-03-30T09:25:19.282Z"}
info: Mapped {/api/setup/save-config, POST} route {"context":"RouterExplorer","timestamp":"2026-03-30T09:25:19.284Z"}
info: Mapped {/api/setup/load-config, GET} route {"context":"RouterExplorer","timestamp":"2026-03-30T09:25:19.286Z"}
info: Mapped {/api/setup/test-config, POST} route {"context":"RouterExplorer","timestamp":"2026-03-30T09:25:19.287Z"}
info: Mapped {/api/setup/service-status, GET} route {"context":"RouterExplorer","timestamp":"2026-03-30T09:25:19.289Z"}
info: Mapped {/api/setup/logs, GET} route {"context":"RouterExplorer","timestamp":"2026-03-30T09:25:19.290Z"}
info: Mapped {/api/setup/create-admin, POST} route {"context":"RouterExplorer","timestamp":"2026-03-30T09:25:19.292Z"}
info: Mapped {/api/setup/start-runtime, POST} route {"context":"RouterExplorer","timestamp":"2026-03-30T09:25:19.293Z"}
info: Mapped {/api/setup/stop-runtime, POST} route {"context":"RouterExplorer","timestamp":"2026-03-30T09:25:19.295Z"}
info: Mapped {/api/setup/restart-runtime, POST} route {"context":"RouterExplorer","timestamp":"2026-03-30T09:25:19.296Z"}
info: I18Controller {/api/i18}: {"context":"RoutesResolver","timestamp":"2026-03-30T09:25:19.298Z"}
info: Mapped {/api/i18, POST} route {"context":"RouterExplorer","timestamp":"2026-03-30T09:25:19.300Z"}
info: Mapped {/api/i18/format, GET} route {"context":"RouterExplorer","timestamp":"2026-03-30T09:25:19.302Z"}
info: Mapped {/api/i18, GET} route {"context":"RouterExplorer","timestamp":"2026-03-30T09:25:19.303Z"}
info: Mapped {/api/i18/:id, GET} route {"context":"RouterExplorer","timestamp":"2026-03-30T09:25:19.304Z"}
info: Mapped {/api/i18/:id, PATCH} route {"context":"RouterExplorer","timestamp":"2026-03-30T09:25:19.305Z"}
info: Mapped {/api/i18/:id, DELETE} route {"context":"RouterExplorer","timestamp":"2026-03-30T09:25:19.307Z"}
info: Mapped {/api/i18/batch, POST} route {"context":"RouterExplorer","timestamp":"2026-03-30T09:25:19.308Z"}
info: I18nLangController {/api/lang}: {"context":"RoutesResolver","timestamp":"2026-03-30T09:25:19.309Z"}
info: Mapped {/api/lang, POST} route {"context":"RouterExplorer","timestamp":"2026-03-30T09:25:19.310Z"}
info: Mapped {/api/lang, GET} route {"context":"RouterExplorer","timestamp":"2026-03-30T09:25:19.311Z"}
info: Mapped {/api/lang/:id, PATCH} route {"context":"RouterExplorer","timestamp":"2026-03-30T09:25:19.312Z"}
info: Mapped {/api/lang/:id, DELETE} route {"context":"RouterExplorer","timestamp":"2026-03-30T09:25:19.314Z"}
info: MockController {/api/mock}: {"context":"RoutesResolver","timestamp":"2026-03-30T09:25:19.315Z"}
info: Mapped {/api/mock/*, GET} route {"context":"RouterExplorer","timestamp":"2026-03-30T09:25:19.316Z"}
info: Mapped {/api/mock/*, POST} route {"context":"RouterExplorer","timestamp":"2026-03-30T09:25:19.318Z"}
info: Checking translation changes {"context":"I18nService","timestamp":"2026-03-30T09:25:19.895Z"}
info: No changes detected {"context":"I18nService","timestamp":"2026-03-30T09:25:19.947Z"}
warn: Lock file exists, if you want init again, please remove FLAG:INSTALL in your redis {"timestamp":"2026-03-30T09:25:19.953Z"}
info: Nest application successfully started {"context":"NestApplication","timestamp":"2026-03-30T09:25:19.959Z"}
