info: Starting Nest application... {"context":"NestFactory","timestamp":"2026-03-31T13:06:49.807Z"}
info: DbModule dependencies initialized {"context":"InstanceLoader","timestamp":"2026-03-31T13:06:49.912Z"}
info: TypeOrmModule dependencies initialized {"context":"InstanceLoader","timestamp":"2026-03-31T13:06:49.913Z"}
info: RedisModule dependencies initialized {"context":"InstanceLoader","timestamp":"2026-03-31T13:06:49.915Z"}
info: ConfigHostModule dependencies initialized {"context":"InstanceLoader","timestamp":"2026-03-31T13:06:53.257Z"}
info: JwtModule dependencies initialized {"context":"InstanceLoader","timestamp":"2026-03-31T13:06:53.259Z"}
info: LockerModule dependencies initialized {"context":"InstanceLoader","timestamp":"2026-03-31T13:06:53.260Z"}
info: SetupModule dependencies initialized {"context":"InstanceLoader","timestamp":"2026-03-31T13:06:53.288Z"}
info: MockModule dependencies initialized {"context":"InstanceLoader","timestamp":"2026-03-31T13:06:53.290Z"}
info: ConfigModule dependencies initialized {"context":"InstanceLoader","timestamp":"2026-03-31T13:06:53.292Z"}
info: ConfigModule dependencies initialized {"context":"InstanceLoader","timestamp":"2026-03-31T13:06:53.293Z"}
info: JwtModule dependencies initialized {"context":"InstanceLoader","timestamp":"2026-03-31T13:06:53.294Z"}
info: TypeOrmCoreModule dependencies initialized {"context":"InstanceLoader","timestamp":"2026-03-31T13:06:53.881Z"}
info: TypeOrmModule dependencies initialized {"context":"InstanceLoader","timestamp":"2026-03-31T13:06:53.884Z"}
info: TypeOrmModule dependencies initialized {"context":"InstanceLoader","timestamp":"2026-03-31T13:06:53.885Z"}
info: TypeOrmModule dependencies initialized {"context":"InstanceLoader","timestamp":"2026-03-31T13:06:53.886Z"}
info: TypeOrmModule dependencies initialized {"context":"InstanceLoader","timestamp":"2026-03-31T13:06:53.887Z"}
info: TypeOrmModule dependencies initialized {"context":"InstanceLoader","timestamp":"2026-03-31T13:06:53.888Z"}
info: TypeOrmModule dependencies initialized {"context":"InstanceLoader","timestamp":"2026-03-31T13:06:53.889Z"}
info: TypeOrmModule dependencies initialized {"context":"InstanceLoader","timestamp":"2026-03-31T13:06:53.890Z"}
info: I18nModule dependencies initialized {"context":"InstanceLoader","timestamp":"2026-03-31T13:06:53.963Z"}
info: MenuModule dependencies initialized {"context":"InstanceLoader","timestamp":"2026-03-31T13:06:53.970Z"}
info: ApplicationModule dependencies initialized {"context":"InstanceLoader","timestamp":"2026-03-31T13:06:53.971Z"}
info: PermissionModule dependencies initialized {"context":"InstanceLoader","timestamp":"2026-03-31T13:06:53.974Z"}
info: RoleModule dependencies initialized {"context":"InstanceLoader","timestamp":"2026-03-31T13:06:53.975Z"}
info: I18Module dependencies initialized {"context":"InstanceLoader","timestamp":"2026-03-31T13:06:53.976Z"}
info: AuthModule dependencies initialized {"context":"InstanceLoader","timestamp":"2026-03-31T13:06:53.976Z"}
info: AppModule dependencies initialized {"context":"InstanceLoader","timestamp":"2026-03-31T13:06:53.977Z"}
info: UserModule dependencies initialized {"context":"InstanceLoader","timestamp":"2026-03-31T13:06:53.978Z"}
info: HealthCheckController {/api/healthCheck}: {"context":"RoutesResolver","timestamp":"2026-03-31T13:06:54.139Z"}
info: Mapped {/healthCheck, GET} route {"context":"RouterExplorer","timestamp":"2026-03-31T13:06:54.144Z"}
info: UserController {/api/user}: {"context":"RoutesResolver","timestamp":"2026-03-31T13:06:54.146Z"}
info: Mapped {/api/user/reg, POST} route {"context":"RouterExplorer","timestamp":"2026-03-31T13:06:54.148Z"}
info: Mapped {/api/user/info/:email?, GET} route {"context":"RouterExplorer","timestamp":"2026-03-31T13:06:54.150Z"}
info: Mapped {/api/user/:email, DELETE} route {"context":"RouterExplorer","timestamp":"2026-03-31T13:06:54.152Z"}
info: Mapped {/api/user/update, PATCH} route {"context":"RouterExplorer","timestamp":"2026-03-31T13:06:54.154Z"}
info: Mapped {/api/user, GET} route {"context":"RouterExplorer","timestamp":"2026-03-31T13:06:54.156Z"}
info: Mapped {/api/user/admin/updatePwd, PATCH} route {"context":"RouterExplorer","timestamp":"2026-03-31T13:06:54.157Z"}
info: Mapped {/api/user/updatePwd, PATCH} route {"context":"RouterExplorer","timestamp":"2026-03-31T13:06:54.158Z"}
info: Mapped {/api/user/batch, POST} route {"context":"RouterExplorer","timestamp":"2026-03-31T13:06:54.160Z"}
info: PermissionController {/api/permission}: {"context":"RoutesResolver","timestamp":"2026-03-31T13:06:54.161Z"}
info: Mapped {/api/permission, POST} route {"context":"RouterExplorer","timestamp":"2026-03-31T13:06:54.162Z"}
info: Mapped {/api/permission, PATCH} route {"context":"RouterExplorer","timestamp":"2026-03-31T13:06:54.163Z"}
info: Mapped {/api/permission, GET} route {"context":"RouterExplorer","timestamp":"2026-03-31T13:06:54.164Z"}
info: Mapped {/api/permission/:id, DELETE} route {"context":"RouterExplorer","timestamp":"2026-03-31T13:06:54.165Z"}
info: AuthController {/api/auth}: {"context":"RoutesResolver","timestamp":"2026-03-31T13:06:54.166Z"}
info: Mapped {/api/auth/token/refresh, POST} route {"context":"RouterExplorer","timestamp":"2026-03-31T13:06:54.168Z"}
info: Mapped {/api/auth/login, POST} route {"context":"RouterExplorer","timestamp":"2026-03-31T13:06:54.170Z"}
info: Mapped {/api/auth/logout, POST} route {"context":"RouterExplorer","timestamp":"2026-03-31T13:06:54.171Z"}
info: Mapped {/api/auth/api-token, POST} route {"context":"RouterExplorer","timestamp":"2026-03-31T13:06:54.172Z"}
info: Mapped {/api/auth/revoke-api-token, POST} route {"context":"RouterExplorer","timestamp":"2026-03-31T13:06:54.173Z"}
info: RoleController {/api/role}: {"context":"RoutesResolver","timestamp":"2026-03-31T13:06:54.174Z"}
info: Mapped {/api/role, POST} route {"context":"RouterExplorer","timestamp":"2026-03-31T13:06:54.175Z"}
info: Mapped {/api/role, GET} route {"context":"RouterExplorer","timestamp":"2026-03-31T13:06:54.176Z"}
info: Mapped {/api/role/detail, GET} route {"context":"RouterExplorer","timestamp":"2026-03-31T13:06:54.177Z"}
info: Mapped {/api/role, PATCH} route {"context":"RouterExplorer","timestamp":"2026-03-31T13:06:54.178Z"}
info: Mapped {/api/role/:id, DELETE} route {"context":"RouterExplorer","timestamp":"2026-03-31T13:06:54.179Z"}
info: Mapped {/api/role/info/:id, GET} route {"context":"RouterExplorer","timestamp":"2026-03-31T13:06:54.180Z"}
info: MenuController {/api/menu}: {"context":"RoutesResolver","timestamp":"2026-03-31T13:06:54.180Z"}
info: Mapped {/api/menu/role/:email, GET} route {"context":"RouterExplorer","timestamp":"2026-03-31T13:06:54.182Z"}
info: Mapped {/api/menu, GET} route {"context":"RouterExplorer","timestamp":"2026-03-31T13:06:54.183Z"}
info: Mapped {/api/menu, POST} route {"context":"RouterExplorer","timestamp":"2026-03-31T13:06:54.184Z"}
info: Mapped {/api/menu, PATCH} route {"context":"RouterExplorer","timestamp":"2026-03-31T13:06:54.185Z"}
info: Mapped {/api/menu, DELETE} route {"context":"RouterExplorer","timestamp":"2026-03-31T13:06:54.187Z"}
info: ApplicationController {/api/application}: {"context":"RoutesResolver","timestamp":"2026-03-31T13:06:54.188Z"}
info: Mapped {/api/application, GET} route {"context":"RouterExplorer","timestamp":"2026-03-31T13:06:54.189Z"}
info: SetupController {/api/setup}: {"context":"RoutesResolver","timestamp":"2026-03-31T13:06:54.190Z"}
info: Mapped {/api/setup/check-environment, GET} route {"context":"RouterExplorer","timestamp":"2026-03-31T13:06:54.191Z"}
info: Mapped {/api/setup/save-config, POST} route {"context":"RouterExplorer","timestamp":"2026-03-31T13:06:54.193Z"}
info: Mapped {/api/setup/load-config, GET} route {"context":"RouterExplorer","timestamp":"2026-03-31T13:06:54.194Z"}
info: Mapped {/api/setup/test-config, POST} route {"context":"RouterExplorer","timestamp":"2026-03-31T13:06:54.195Z"}
info: Mapped {/api/setup/service-status, GET} route {"context":"RouterExplorer","timestamp":"2026-03-31T13:06:54.196Z"}
info: Mapped {/api/setup/logs, GET} route {"context":"RouterExplorer","timestamp":"2026-03-31T13:06:54.197Z"}
info: Mapped {/api/setup/create-admin, POST} route {"context":"RouterExplorer","timestamp":"2026-03-31T13:06:54.198Z"}
info: Mapped {/api/setup/start-runtime, POST} route {"context":"RouterExplorer","timestamp":"2026-03-31T13:06:54.200Z"}
info: Mapped {/api/setup/stop-runtime, POST} route {"context":"RouterExplorer","timestamp":"2026-03-31T13:06:54.201Z"}
info: Mapped {/api/setup/restart-runtime, POST} route {"context":"RouterExplorer","timestamp":"2026-03-31T13:06:54.203Z"}
info: Mapped {/api/setup/check-runtime, GET} route {"context":"RouterExplorer","timestamp":"2026-03-31T13:06:54.205Z"}
info: Mapped {/api/setup/install-runtime, POST} route {"context":"RouterExplorer","timestamp":"2026-03-31T13:06:54.206Z"}
info: Mapped {/api/setup/read-runtime-env, GET} route {"context":"RouterExplorer","timestamp":"2026-03-31T13:06:54.208Z"}
info: Mapped {/api/setup/save-runtime-env, POST} route {"context":"RouterExplorer","timestamp":"2026-03-31T13:06:54.209Z"}
info: Mapped {/api/setup/generate-ssl, POST} route {"context":"RouterExplorer","timestamp":"2026-03-31T13:06:54.211Z"}
info: Mapped {/api/setup/save-ssl, POST} route {"context":"RouterExplorer","timestamp":"2026-03-31T13:06:54.212Z"}
info: Mapped {/api/setup/create-admin, POST} route {"context":"RouterExplorer","timestamp":"2026-03-31T13:06:54.213Z"}
info: I18Controller {/api/i18}: {"context":"RoutesResolver","timestamp":"2026-03-31T13:06:54.214Z"}
info: Mapped {/api/i18, POST} route {"context":"RouterExplorer","timestamp":"2026-03-31T13:06:54.216Z"}
info: Mapped {/api/i18/format, GET} route {"context":"RouterExplorer","timestamp":"2026-03-31T13:06:54.217Z"}
info: Mapped {/api/i18, GET} route {"context":"RouterExplorer","timestamp":"2026-03-31T13:06:54.218Z"}
info: Mapped {/api/i18/:id, GET} route {"context":"RouterExplorer","timestamp":"2026-03-31T13:06:54.220Z"}
info: Mapped {/api/i18/:id, PATCH} route {"context":"RouterExplorer","timestamp":"2026-03-31T13:06:54.221Z"}
info: Mapped {/api/i18/:id, DELETE} route {"context":"RouterExplorer","timestamp":"2026-03-31T13:06:54.222Z"}
info: Mapped {/api/i18/batch, POST} route {"context":"RouterExplorer","timestamp":"2026-03-31T13:06:54.223Z"}
info: I18nLangController {/api/lang}: {"context":"RoutesResolver","timestamp":"2026-03-31T13:06:54.223Z"}
info: Mapped {/api/lang, POST} route {"context":"RouterExplorer","timestamp":"2026-03-31T13:06:54.224Z"}
info: Mapped {/api/lang, GET} route {"context":"RouterExplorer","timestamp":"2026-03-31T13:06:54.225Z"}
info: Mapped {/api/lang/:id, PATCH} route {"context":"RouterExplorer","timestamp":"2026-03-31T13:06:54.226Z"}
info: Mapped {/api/lang/:id, DELETE} route {"context":"RouterExplorer","timestamp":"2026-03-31T13:06:54.227Z"}
info: MockController {/api/mock}: {"context":"RoutesResolver","timestamp":"2026-03-31T13:06:54.228Z"}
info: Mapped {/api/mock/*, GET} route {"context":"RouterExplorer","timestamp":"2026-03-31T13:06:54.229Z"}
info: Mapped {/api/mock/*, POST} route {"context":"RouterExplorer","timestamp":"2026-03-31T13:06:54.229Z"}
info: Checking translation changes {"context":"I18nService","timestamp":"2026-03-31T13:06:55.738Z"}
info: No changes detected {"context":"I18nService","timestamp":"2026-03-31T13:06:55.798Z"}
warn: Lock file exists, if you want init again, please remove FLAG:INSTALL in your redis {"timestamp":"2026-03-31T13:06:55.804Z"}
info: Nest application successfully started {"context":"NestApplication","timestamp":"2026-03-31T13:06:55.809Z"}
