info: Starting Nest application... {"context":"NestFactory","timestamp":"2026-03-31T02:56:23.156Z"}
info: DbModule dependencies initialized {"context":"InstanceLoader","timestamp":"2026-03-31T02:56:23.230Z"}
info: TypeOrmModule dependencies initialized {"context":"InstanceLoader","timestamp":"2026-03-31T02:56:23.231Z"}
info: RedisModule dependencies initialized {"context":"InstanceLoader","timestamp":"2026-03-31T02:56:23.233Z"}
info: ConfigHostModule dependencies initialized {"context":"InstanceLoader","timestamp":"2026-03-31T02:56:27.399Z"}
info: JwtModule dependencies initialized {"context":"InstanceLoader","timestamp":"2026-03-31T02:56:27.402Z"}
info: LockerModule dependencies initialized {"context":"InstanceLoader","timestamp":"2026-03-31T02:56:27.403Z"}
info: SetupModule dependencies initialized {"context":"InstanceLoader","timestamp":"2026-03-31T02:56:27.429Z"}
info: MockModule dependencies initialized {"context":"InstanceLoader","timestamp":"2026-03-31T02:56:27.431Z"}
info: ConfigModule dependencies initialized {"context":"InstanceLoader","timestamp":"2026-03-31T02:56:27.433Z"}
info: ConfigModule dependencies initialized {"context":"InstanceLoader","timestamp":"2026-03-31T02:56:27.435Z"}
info: JwtModule dependencies initialized {"context":"InstanceLoader","timestamp":"2026-03-31T02:56:27.437Z"}
info: TypeOrmCoreModule dependencies initialized {"context":"InstanceLoader","timestamp":"2026-03-31T02:56:28.054Z"}
info: TypeOrmModule dependencies initialized {"context":"InstanceLoader","timestamp":"2026-03-31T02:56:28.055Z"}
info: TypeOrmModule dependencies initialized {"context":"InstanceLoader","timestamp":"2026-03-31T02:56:28.056Z"}
info: TypeOrmModule dependencies initialized {"context":"InstanceLoader","timestamp":"2026-03-31T02:56:28.056Z"}
info: TypeOrmModule dependencies initialized {"context":"InstanceLoader","timestamp":"2026-03-31T02:56:28.057Z"}
info: TypeOrmModule dependencies initialized {"context":"InstanceLoader","timestamp":"2026-03-31T02:56:28.057Z"}
info: TypeOrmModule dependencies initialized {"context":"InstanceLoader","timestamp":"2026-03-31T02:56:28.058Z"}
info: TypeOrmModule dependencies initialized {"context":"InstanceLoader","timestamp":"2026-03-31T02:56:28.060Z"}
info: I18nModule dependencies initialized {"context":"InstanceLoader","timestamp":"2026-03-31T02:56:28.085Z"}
info: MenuModule dependencies initialized {"context":"InstanceLoader","timestamp":"2026-03-31T02:56:28.092Z"}
info: ApplicationModule dependencies initialized {"context":"InstanceLoader","timestamp":"2026-03-31T02:56:28.094Z"}
info: PermissionModule dependencies initialized {"context":"InstanceLoader","timestamp":"2026-03-31T02:56:28.098Z"}
info: RoleModule dependencies initialized {"context":"InstanceLoader","timestamp":"2026-03-31T02:56:28.100Z"}
info: I18Module dependencies initialized {"context":"InstanceLoader","timestamp":"2026-03-31T02:56:28.101Z"}
info: AuthModule dependencies initialized {"context":"InstanceLoader","timestamp":"2026-03-31T02:56:28.106Z"}
info: AppModule dependencies initialized {"context":"InstanceLoader","timestamp":"2026-03-31T02:56:28.107Z"}
info: UserModule dependencies initialized {"context":"InstanceLoader","timestamp":"2026-03-31T02:56:28.109Z"}
info: HealthCheckController {/api/healthCheck}: {"context":"RoutesResolver","timestamp":"2026-03-31T02:56:28.295Z"}
info: Mapped {/healthCheck, GET} route {"context":"RouterExplorer","timestamp":"2026-03-31T02:56:28.302Z"}
info: UserController {/api/user}: {"context":"RoutesResolver","timestamp":"2026-03-31T02:56:28.304Z"}
info: Mapped {/api/user/reg, POST} route {"context":"RouterExplorer","timestamp":"2026-03-31T02:56:28.306Z"}
info: Mapped {/api/user/info/:email?, GET} route {"context":"RouterExplorer","timestamp":"2026-03-31T02:56:28.311Z"}
info: Mapped {/api/user/:email, DELETE} route {"context":"RouterExplorer","timestamp":"2026-03-31T02:56:28.313Z"}
info: Mapped {/api/user/update, PATCH} route {"context":"RouterExplorer","timestamp":"2026-03-31T02:56:28.314Z"}
info: Mapped {/api/user, GET} route {"context":"RouterExplorer","timestamp":"2026-03-31T02:56:28.316Z"}
info: Mapped {/api/user/admin/updatePwd, PATCH} route {"context":"RouterExplorer","timestamp":"2026-03-31T02:56:28.318Z"}
info: Mapped {/api/user/updatePwd, PATCH} route {"context":"RouterExplorer","timestamp":"2026-03-31T02:56:28.320Z"}
info: Mapped {/api/user/batch, POST} route {"context":"RouterExplorer","timestamp":"2026-03-31T02:56:28.324Z"}
info: PermissionController {/api/permission}: {"context":"RoutesResolver","timestamp":"2026-03-31T02:56:28.326Z"}
info: Mapped {/api/permission, POST} route {"context":"RouterExplorer","timestamp":"2026-03-31T02:56:28.328Z"}
info: Mapped {/api/permission, PATCH} route {"context":"RouterExplorer","timestamp":"2026-03-31T02:56:28.329Z"}
info: Mapped {/api/permission, GET} route {"context":"RouterExplorer","timestamp":"2026-03-31T02:56:28.330Z"}
info: Mapped {/api/permission/:id, DELETE} route {"context":"RouterExplorer","timestamp":"2026-03-31T02:56:28.331Z"}
info: AuthController {/api/auth}: {"context":"RoutesResolver","timestamp":"2026-03-31T02:56:28.333Z"}
info: Mapped {/api/auth/token/refresh, POST} route {"context":"RouterExplorer","timestamp":"2026-03-31T02:56:28.334Z"}
info: Mapped {/api/auth/login, POST} route {"context":"RouterExplorer","timestamp":"2026-03-31T02:56:28.336Z"}
info: Mapped {/api/auth/logout, POST} route {"context":"RouterExplorer","timestamp":"2026-03-31T02:56:28.342Z"}
info: Mapped {/api/auth/api-token, POST} route {"context":"RouterExplorer","timestamp":"2026-03-31T02:56:28.344Z"}
info: Mapped {/api/auth/revoke-api-token, POST} route {"context":"RouterExplorer","timestamp":"2026-03-31T02:56:28.345Z"}
info: RoleController {/api/role}: {"context":"RoutesResolver","timestamp":"2026-03-31T02:56:28.346Z"}
info: Mapped {/api/role, POST} route {"context":"RouterExplorer","timestamp":"2026-03-31T02:56:28.348Z"}
info: Mapped {/api/role, GET} route {"context":"RouterExplorer","timestamp":"2026-03-31T02:56:28.349Z"}
info: Mapped {/api/role/detail, GET} route {"context":"RouterExplorer","timestamp":"2026-03-31T02:56:28.350Z"}
info: Mapped {/api/role, PATCH} route {"context":"RouterExplorer","timestamp":"2026-03-31T02:56:28.351Z"}
info: Mapped {/api/role/:id, DELETE} route {"context":"RouterExplorer","timestamp":"2026-03-31T02:56:28.353Z"}
info: Mapped {/api/role/info/:id, GET} route {"context":"RouterExplorer","timestamp":"2026-03-31T02:56:28.357Z"}
info: MenuController {/api/menu}: {"context":"RoutesResolver","timestamp":"2026-03-31T02:56:28.359Z"}
info: Mapped {/api/menu/role/:email, GET} route {"context":"RouterExplorer","timestamp":"2026-03-31T02:56:28.361Z"}
info: Mapped {/api/menu, GET} route {"context":"RouterExplorer","timestamp":"2026-03-31T02:56:28.362Z"}
info: Mapped {/api/menu, POST} route {"context":"RouterExplorer","timestamp":"2026-03-31T02:56:28.363Z"}
info: Mapped {/api/menu, PATCH} route {"context":"RouterExplorer","timestamp":"2026-03-31T02:56:28.364Z"}
info: Mapped {/api/menu, DELETE} route {"context":"RouterExplorer","timestamp":"2026-03-31T02:56:28.365Z"}
info: ApplicationController {/api/application}: {"context":"RoutesResolver","timestamp":"2026-03-31T02:56:28.367Z"}
info: Mapped {/api/application, GET} route {"context":"RouterExplorer","timestamp":"2026-03-31T02:56:28.368Z"}
info: SetupController {/api/setup}: {"context":"RoutesResolver","timestamp":"2026-03-31T02:56:28.369Z"}
info: Mapped {/api/setup/check-environment, GET} route {"context":"RouterExplorer","timestamp":"2026-03-31T02:56:28.370Z"}
info: Mapped {/api/setup/save-config, POST} route {"context":"RouterExplorer","timestamp":"2026-03-31T02:56:28.371Z"}
info: Mapped {/api/setup/load-config, GET} route {"context":"RouterExplorer","timestamp":"2026-03-31T02:56:28.373Z"}
info: Mapped {/api/setup/test-config, POST} route {"context":"RouterExplorer","timestamp":"2026-03-31T02:56:28.374Z"}
info: Mapped {/api/setup/service-status, GET} route {"context":"RouterExplorer","timestamp":"2026-03-31T02:56:28.375Z"}
info: Mapped {/api/setup/logs, GET} route {"context":"RouterExplorer","timestamp":"2026-03-31T02:56:28.377Z"}
info: Mapped {/api/setup/create-admin, POST} route {"context":"RouterExplorer","timestamp":"2026-03-31T02:56:28.379Z"}
info: Mapped {/api/setup/start-runtime, POST} route {"context":"RouterExplorer","timestamp":"2026-03-31T02:56:28.380Z"}
info: Mapped {/api/setup/stop-runtime, POST} route {"context":"RouterExplorer","timestamp":"2026-03-31T02:56:28.387Z"}
info: Mapped {/api/setup/restart-runtime, POST} route {"context":"RouterExplorer","timestamp":"2026-03-31T02:56:28.389Z"}
info: Mapped {/api/setup/check-runtime, GET} route {"context":"RouterExplorer","timestamp":"2026-03-31T02:56:28.390Z"}
info: Mapped {/api/setup/install-runtime, POST} route {"context":"RouterExplorer","timestamp":"2026-03-31T02:56:28.391Z"}
info: I18Controller {/api/i18}: {"context":"RoutesResolver","timestamp":"2026-03-31T02:56:28.393Z"}
info: Mapped {/api/i18, POST} route {"context":"RouterExplorer","timestamp":"2026-03-31T02:56:28.394Z"}
info: Mapped {/api/i18/format, GET} route {"context":"RouterExplorer","timestamp":"2026-03-31T02:56:28.395Z"}
info: Mapped {/api/i18, GET} route {"context":"RouterExplorer","timestamp":"2026-03-31T02:56:28.397Z"}
info: Mapped {/api/i18/:id, GET} route {"context":"RouterExplorer","timestamp":"2026-03-31T02:56:28.402Z"}
info: Mapped {/api/i18/:id, PATCH} route {"context":"RouterExplorer","timestamp":"2026-03-31T02:56:28.403Z"}
info: Mapped {/api/i18/:id, DELETE} route {"context":"RouterExplorer","timestamp":"2026-03-31T02:56:28.405Z"}
info: Mapped {/api/i18/batch, POST} route {"context":"RouterExplorer","timestamp":"2026-03-31T02:56:28.406Z"}
info: I18nLangController {/api/lang}: {"context":"RoutesResolver","timestamp":"2026-03-31T02:56:28.407Z"}
info: Mapped {/api/lang, POST} route {"context":"RouterExplorer","timestamp":"2026-03-31T02:56:28.409Z"}
info: Mapped {/api/lang, GET} route {"context":"RouterExplorer","timestamp":"2026-03-31T02:56:28.411Z"}
info: Mapped {/api/lang/:id, PATCH} route {"context":"RouterExplorer","timestamp":"2026-03-31T02:56:28.412Z"}
info: Mapped {/api/lang/:id, DELETE} route {"context":"RouterExplorer","timestamp":"2026-03-31T02:56:28.413Z"}
info: MockController {/api/mock}: {"context":"RoutesResolver","timestamp":"2026-03-31T02:56:28.418Z"}
info: Mapped {/api/mock/*, GET} route {"context":"RouterExplorer","timestamp":"2026-03-31T02:56:28.420Z"}
info: Mapped {/api/mock/*, POST} route {"context":"RouterExplorer","timestamp":"2026-03-31T02:56:28.421Z"}
info: Checking translation changes {"context":"I18nService","timestamp":"2026-03-31T02:56:28.881Z"}
info: No changes detected {"context":"I18nService","timestamp":"2026-03-31T02:56:28.914Z"}
warn: Lock file exists, if you want init again, please remove FLAG:INSTALL in your redis {"timestamp":"2026-03-31T02:56:28.919Z"}
info: Nest application successfully started {"context":"NestApplication","timestamp":"2026-03-31T02:56:28.924Z"}
