info: TypeOrmCoreModule dependencies initialized {"context":"InstanceLoader","timestamp":"2026-03-27T22:00:00.143Z"}
info: TypeOrmModule dependencies initialized {"context":"InstanceLoader","timestamp":"2026-03-27T22:00:00.160Z"}
info: TypeOrmModule dependencies initialized {"context":"InstanceLoader","timestamp":"2026-03-27T22:00:00.162Z"}
info: TypeOrmModule dependencies initialized {"context":"InstanceLoader","timestamp":"2026-03-27T22:00:00.165Z"}
info: TypeOrmModule dependencies initialized {"context":"InstanceLoader","timestamp":"2026-03-27T22:00:00.166Z"}
info: TypeOrmModule dependencies initialized {"context":"InstanceLoader","timestamp":"2026-03-27T22:00:00.167Z"}
info: TypeOrmModule dependencies initialized {"context":"InstanceLoader","timestamp":"2026-03-27T22:00:00.169Z"}
info: TypeOrmModule dependencies initialized {"context":"InstanceLoader","timestamp":"2026-03-27T22:00:00.174Z"}
info: I18nModule dependencies initialized {"context":"InstanceLoader","timestamp":"2026-03-27T22:00:00.190Z"}
info: MenuModule dependencies initialized {"context":"InstanceLoader","timestamp":"2026-03-27T22:00:00.198Z"}
info: ApplicationModule dependencies initialized {"context":"InstanceLoader","timestamp":"2026-03-27T22:00:00.200Z"}
info: PermissionModule dependencies initialized {"context":"InstanceLoader","timestamp":"2026-03-27T22:00:00.205Z"}
info: RoleModule dependencies initialized {"context":"InstanceLoader","timestamp":"2026-03-27T22:00:00.207Z"}
info: I18Module dependencies initialized {"context":"InstanceLoader","timestamp":"2026-03-27T22:00:00.208Z"}
info: AuthModule dependencies initialized {"context":"InstanceLoader","timestamp":"2026-03-27T22:00:00.210Z"}
info: AppModule dependencies initialized {"context":"InstanceLoader","timestamp":"2026-03-27T22:00:00.211Z"}
info: UserModule dependencies initialized {"context":"InstanceLoader","timestamp":"2026-03-27T22:00:00.212Z"}
info: HealthCheckController {/api/healthCheck}: {"context":"RoutesResolver","timestamp":"2026-03-27T22:00:00.570Z"}
info: Mapped {/healthCheck, GET} route {"context":"RouterExplorer","timestamp":"2026-03-27T22:00:00.579Z"}
info: UserController {/api/user}: {"context":"RoutesResolver","timestamp":"2026-03-27T22:00:00.580Z"}
info: Mapped {/api/user/reg, POST} route {"context":"RouterExplorer","timestamp":"2026-03-27T22:00:00.583Z"}
info: Mapped {/api/user/info/:email?, GET} route {"context":"RouterExplorer","timestamp":"2026-03-27T22:00:00.585Z"}
info: Mapped {/api/user/:email, DELETE} route {"context":"RouterExplorer","timestamp":"2026-03-27T22:00:00.587Z"}
info: Mapped {/api/user/update, PATCH} route {"context":"RouterExplorer","timestamp":"2026-03-27T22:00:00.589Z"}
info: Mapped {/api/user, GET} route {"context":"RouterExplorer","timestamp":"2026-03-27T22:00:00.594Z"}
info: Mapped {/api/user/admin/updatePwd, PATCH} route {"context":"RouterExplorer","timestamp":"2026-03-27T22:00:00.601Z"}
info: Mapped {/api/user/updatePwd, PATCH} route {"context":"RouterExplorer","timestamp":"2026-03-27T22:00:00.605Z"}
info: Mapped {/api/user/batch, POST} route {"context":"RouterExplorer","timestamp":"2026-03-27T22:00:00.609Z"}
info: PermissionController {/api/permission}: {"context":"RoutesResolver","timestamp":"2026-03-27T22:00:00.611Z"}
info: Mapped {/api/permission, POST} route {"context":"RouterExplorer","timestamp":"2026-03-27T22:00:00.616Z"}
info: Mapped {/api/permission, PATCH} route {"context":"RouterExplorer","timestamp":"2026-03-27T22:00:00.622Z"}
info: Mapped {/api/permission, GET} route {"context":"RouterExplorer","timestamp":"2026-03-27T22:00:00.625Z"}
info: Mapped {/api/permission/:id, DELETE} route {"context":"RouterExplorer","timestamp":"2026-03-27T22:00:00.628Z"}
info: AuthController {/api/auth}: {"context":"RoutesResolver","timestamp":"2026-03-27T22:00:00.633Z"}
info: Mapped {/api/auth/token/refresh, POST} route {"context":"RouterExplorer","timestamp":"2026-03-27T22:00:00.637Z"}
info: Mapped {/api/auth/login, POST} route {"context":"RouterExplorer","timestamp":"2026-03-27T22:00:00.639Z"}
info: Mapped {/api/auth/logout, POST} route {"context":"RouterExplorer","timestamp":"2026-03-27T22:00:00.641Z"}
info: Mapped {/api/auth/api-token, POST} route {"context":"RouterExplorer","timestamp":"2026-03-27T22:00:00.644Z"}
info: Mapped {/api/auth/revoke-api-token, POST} route {"context":"RouterExplorer","timestamp":"2026-03-27T22:00:00.647Z"}
info: RoleController {/api/role}: {"context":"RoutesResolver","timestamp":"2026-03-27T22:00:00.649Z"}
info: Mapped {/api/role, POST} route {"context":"RouterExplorer","timestamp":"2026-03-27T22:00:00.651Z"}
info: Mapped {/api/role, GET} route {"context":"RouterExplorer","timestamp":"2026-03-27T22:00:00.653Z"}
info: Mapped {/api/role/detail, GET} route {"context":"RouterExplorer","timestamp":"2026-03-27T22:00:00.655Z"}
info: Mapped {/api/role, PATCH} route {"context":"RouterExplorer","timestamp":"2026-03-27T22:00:00.658Z"}
info: Mapped {/api/role/:id, DELETE} route {"context":"RouterExplorer","timestamp":"2026-03-27T22:00:00.663Z"}
info: Mapped {/api/role/info/:id, GET} route {"context":"RouterExplorer","timestamp":"2026-03-27T22:00:00.664Z"}
info: MenuController {/api/menu}: {"context":"RoutesResolver","timestamp":"2026-03-27T22:00:00.666Z"}
info: Mapped {/api/menu/role/:email, GET} route {"context":"RouterExplorer","timestamp":"2026-03-27T22:00:00.669Z"}
info: Mapped {/api/menu, GET} route {"context":"RouterExplorer","timestamp":"2026-03-27T22:00:00.672Z"}
info: Mapped {/api/menu, POST} route {"context":"RouterExplorer","timestamp":"2026-03-27T22:00:00.679Z"}
info: Mapped {/api/menu, PATCH} route {"context":"RouterExplorer","timestamp":"2026-03-27T22:00:00.681Z"}
info: Mapped {/api/menu, DELETE} route {"context":"RouterExplorer","timestamp":"2026-03-27T22:00:00.687Z"}
info: ApplicationController {/api/application}: {"context":"RoutesResolver","timestamp":"2026-03-27T22:00:00.695Z"}
info: Mapped {/api/application, GET} route {"context":"RouterExplorer","timestamp":"2026-03-27T22:00:00.699Z"}
info: I18Controller {/api/i18}: {"context":"RoutesResolver","timestamp":"2026-03-27T22:00:00.700Z"}
info: Mapped {/api/i18, POST} route {"context":"RouterExplorer","timestamp":"2026-03-27T22:00:00.704Z"}
info: Mapped {/api/i18/format, GET} route {"context":"RouterExplorer","timestamp":"2026-03-27T22:00:00.712Z"}
info: Mapped {/api/i18, GET} route {"context":"RouterExplorer","timestamp":"2026-03-27T22:00:00.718Z"}
info: Mapped {/api/i18/:id, GET} route {"context":"RouterExplorer","timestamp":"2026-03-27T22:00:00.740Z"}
info: Mapped {/api/i18/:id, PATCH} route {"context":"RouterExplorer","timestamp":"2026-03-27T22:00:00.747Z"}
info: Mapped {/api/i18/:id, DELETE} route {"context":"RouterExplorer","timestamp":"2026-03-27T22:00:00.752Z"}
info: Mapped {/api/i18/batch, POST} route {"context":"RouterExplorer","timestamp":"2026-03-27T22:00:00.759Z"}
info: I18nLangController {/api/lang}: {"context":"RoutesResolver","timestamp":"2026-03-27T22:00:00.762Z"}
info: Mapped {/api/lang, POST} route {"context":"RouterExplorer","timestamp":"2026-03-27T22:00:00.766Z"}
info: Mapped {/api/lang, GET} route {"context":"RouterExplorer","timestamp":"2026-03-27T22:00:00.777Z"}
info: Mapped {/api/lang/:id, PATCH} route {"context":"RouterExplorer","timestamp":"2026-03-27T22:00:00.780Z"}
info: Mapped {/api/lang/:id, DELETE} route {"context":"RouterExplorer","timestamp":"2026-03-27T22:00:00.782Z"}
info: MockController {/api/mock}: {"context":"RoutesResolver","timestamp":"2026-03-27T22:00:00.784Z"}
info: Mapped {/api/mock/*, GET} route {"context":"RouterExplorer","timestamp":"2026-03-27T22:00:00.790Z"}
info: Mapped {/api/mock/*, POST} route {"context":"RouterExplorer","timestamp":"2026-03-27T22:00:00.792Z"}
info: Checking translation changes {"context":"I18nService","timestamp":"2026-03-27T22:00:01.363Z"}
info: No changes detected {"context":"I18nService","timestamp":"2026-03-27T22:00:01.390Z"}
warn: Lock file exists, if you want init again, please remove FLAG:INSTALL in your redis {"timestamp":"2026-03-27T22:00:01.396Z"}
info: Nest application successfully started {"context":"NestApplication","timestamp":"2026-03-27T22:00:01.400Z"}
