info: Starting Nest application... {"context":"NestFactory","timestamp":"2026-03-30T12:59:36.254Z"}
info: DbModule dependencies initialized {"context":"InstanceLoader","timestamp":"2026-03-30T12:59:36.310Z"}
info: TypeOrmModule dependencies initialized {"context":"InstanceLoader","timestamp":"2026-03-30T12:59:36.312Z"}
info: RedisModule dependencies initialized {"context":"InstanceLoader","timestamp":"2026-03-30T12:59:36.313Z"}
info: ConfigHostModule dependencies initialized {"context":"InstanceLoader","timestamp":"2026-03-30T12:59:38.764Z"}
info: JwtModule dependencies initialized {"context":"InstanceLoader","timestamp":"2026-03-30T12:59:38.766Z"}
info: LockerModule dependencies initialized {"context":"InstanceLoader","timestamp":"2026-03-30T12:59:38.767Z"}
info: SetupModule dependencies initialized {"context":"InstanceLoader","timestamp":"2026-03-30T12:59:38.786Z"}
info: MockModule dependencies initialized {"context":"InstanceLoader","timestamp":"2026-03-30T12:59:38.788Z"}
info: ConfigModule dependencies initialized {"context":"InstanceLoader","timestamp":"2026-03-30T12:59:38.790Z"}
info: ConfigModule dependencies initialized {"context":"InstanceLoader","timestamp":"2026-03-30T12:59:38.791Z"}
info: JwtModule dependencies initialized {"context":"InstanceLoader","timestamp":"2026-03-30T12:59:38.793Z"}
info: TypeOrmCoreModule dependencies initialized {"context":"InstanceLoader","timestamp":"2026-03-30T12:59:39.228Z"}
info: TypeOrmModule dependencies initialized {"context":"InstanceLoader","timestamp":"2026-03-30T12:59:39.230Z"}
info: TypeOrmModule dependencies initialized {"context":"InstanceLoader","timestamp":"2026-03-30T12:59:39.231Z"}
info: TypeOrmModule dependencies initialized {"context":"InstanceLoader","timestamp":"2026-03-30T12:59:39.232Z"}
info: TypeOrmModule dependencies initialized {"context":"InstanceLoader","timestamp":"2026-03-30T12:59:39.232Z"}
info: TypeOrmModule dependencies initialized {"context":"InstanceLoader","timestamp":"2026-03-30T12:59:39.233Z"}
info: TypeOrmModule dependencies initialized {"context":"InstanceLoader","timestamp":"2026-03-30T12:59:39.235Z"}
info: TypeOrmModule dependencies initialized {"context":"InstanceLoader","timestamp":"2026-03-30T12:59:39.236Z"}
info: I18nModule dependencies initialized {"context":"InstanceLoader","timestamp":"2026-03-30T12:59:39.243Z"}
info: MenuModule dependencies initialized {"context":"InstanceLoader","timestamp":"2026-03-30T12:59:39.249Z"}
info: ApplicationModule dependencies initialized {"context":"InstanceLoader","timestamp":"2026-03-30T12:59:39.250Z"}
info: PermissionModule dependencies initialized {"context":"InstanceLoader","timestamp":"2026-03-30T12:59:39.258Z"}
info: RoleModule dependencies initialized {"context":"InstanceLoader","timestamp":"2026-03-30T12:59:39.259Z"}
info: I18Module dependencies initialized {"context":"InstanceLoader","timestamp":"2026-03-30T12:59:39.261Z"}
info: AuthModule dependencies initialized {"context":"InstanceLoader","timestamp":"2026-03-30T12:59:39.262Z"}
info: AppModule dependencies initialized {"context":"InstanceLoader","timestamp":"2026-03-30T12:59:39.263Z"}
info: UserModule dependencies initialized {"context":"InstanceLoader","timestamp":"2026-03-30T12:59:39.264Z"}
info: HealthCheckController {/api/healthCheck}: {"context":"RoutesResolver","timestamp":"2026-03-30T12:59:39.465Z"}
info: Mapped {/healthCheck, GET} route {"context":"RouterExplorer","timestamp":"2026-03-30T12:59:39.474Z"}
info: UserController {/api/user}: {"context":"RoutesResolver","timestamp":"2026-03-30T12:59:39.475Z"}
info: Mapped {/api/user/reg, POST} route {"context":"RouterExplorer","timestamp":"2026-03-30T12:59:39.478Z"}
info: Mapped {/api/user/info/:email?, GET} route {"context":"RouterExplorer","timestamp":"2026-03-30T12:59:39.481Z"}
info: Mapped {/api/user/:email, DELETE} route {"context":"RouterExplorer","timestamp":"2026-03-30T12:59:39.483Z"}
info: Mapped {/api/user/update, PATCH} route {"context":"RouterExplorer","timestamp":"2026-03-30T12:59:39.485Z"}
info: Mapped {/api/user, GET} route {"context":"RouterExplorer","timestamp":"2026-03-30T12:59:39.487Z"}
info: Mapped {/api/user/admin/updatePwd, PATCH} route {"context":"RouterExplorer","timestamp":"2026-03-30T12:59:39.489Z"}
info: Mapped {/api/user/updatePwd, PATCH} route {"context":"RouterExplorer","timestamp":"2026-03-30T12:59:39.495Z"}
info: Mapped {/api/user/batch, POST} route {"context":"RouterExplorer","timestamp":"2026-03-30T12:59:39.497Z"}
info: PermissionController {/api/permission}: {"context":"RoutesResolver","timestamp":"2026-03-30T12:59:39.499Z"}
info: Mapped {/api/permission, POST} route {"context":"RouterExplorer","timestamp":"2026-03-30T12:59:39.500Z"}
info: Mapped {/api/permission, PATCH} route {"context":"RouterExplorer","timestamp":"2026-03-30T12:59:39.502Z"}
info: Mapped {/api/permission, GET} route {"context":"RouterExplorer","timestamp":"2026-03-30T12:59:39.504Z"}
info: Mapped {/api/permission/:id, DELETE} route {"context":"RouterExplorer","timestamp":"2026-03-30T12:59:39.505Z"}
info: AuthController {/api/auth}: {"context":"RoutesResolver","timestamp":"2026-03-30T12:59:39.506Z"}
info: Mapped {/api/auth/token/refresh, POST} route {"context":"RouterExplorer","timestamp":"2026-03-30T12:59:39.511Z"}
info: Mapped {/api/auth/login, POST} route {"context":"RouterExplorer","timestamp":"2026-03-30T12:59:39.513Z"}
info: Mapped {/api/auth/logout, POST} route {"context":"RouterExplorer","timestamp":"2026-03-30T12:59:39.514Z"}
info: Mapped {/api/auth/api-token, POST} route {"context":"RouterExplorer","timestamp":"2026-03-30T12:59:39.516Z"}
info: Mapped {/api/auth/revoke-api-token, POST} route {"context":"RouterExplorer","timestamp":"2026-03-30T12:59:39.517Z"}
info: RoleController {/api/role}: {"context":"RoutesResolver","timestamp":"2026-03-30T12:59:39.518Z"}
info: Mapped {/api/role, POST} route {"context":"RouterExplorer","timestamp":"2026-03-30T12:59:39.520Z"}
info: Mapped {/api/role, GET} route {"context":"RouterExplorer","timestamp":"2026-03-30T12:59:39.523Z"}
info: Mapped {/api/role/detail, GET} route {"context":"RouterExplorer","timestamp":"2026-03-30T12:59:39.528Z"}
info: Mapped {/api/role, PATCH} route {"context":"RouterExplorer","timestamp":"2026-03-30T12:59:39.530Z"}
info: Mapped {/api/role/:id, DELETE} route {"context":"RouterExplorer","timestamp":"2026-03-30T12:59:39.532Z"}
info: Mapped {/api/role/info/:id, GET} route {"context":"RouterExplorer","timestamp":"2026-03-30T12:59:39.533Z"}
info: MenuController {/api/menu}: {"context":"RoutesResolver","timestamp":"2026-03-30T12:59:39.535Z"}
info: Mapped {/api/menu/role/:email, GET} route {"context":"RouterExplorer","timestamp":"2026-03-30T12:59:39.537Z"}
info: Mapped {/api/menu, GET} route {"context":"RouterExplorer","timestamp":"2026-03-30T12:59:39.539Z"}
info: Mapped {/api/menu, POST} route {"context":"RouterExplorer","timestamp":"2026-03-30T12:59:39.543Z"}
info: Mapped {/api/menu, PATCH} route {"context":"RouterExplorer","timestamp":"2026-03-30T12:59:39.544Z"}
info: Mapped {/api/menu, DELETE} route {"context":"RouterExplorer","timestamp":"2026-03-30T12:59:39.546Z"}
info: ApplicationController {/api/application}: {"context":"RoutesResolver","timestamp":"2026-03-30T12:59:39.547Z"}
info: Mapped {/api/application, GET} route {"context":"RouterExplorer","timestamp":"2026-03-30T12:59:39.549Z"}
info: SetupController {/api/setup}: {"context":"RoutesResolver","timestamp":"2026-03-30T12:59:39.550Z"}
info: Mapped {/api/setup/check-environment, GET} route {"context":"RouterExplorer","timestamp":"2026-03-30T12:59:39.551Z"}
info: Mapped {/api/setup/save-config, POST} route {"context":"RouterExplorer","timestamp":"2026-03-30T12:59:39.553Z"}
info: Mapped {/api/setup/load-config, GET} route {"context":"RouterExplorer","timestamp":"2026-03-30T12:59:39.559Z"}
info: Mapped {/api/setup/test-config, POST} route {"context":"RouterExplorer","timestamp":"2026-03-30T12:59:39.560Z"}
info: Mapped {/api/setup/service-status, GET} route {"context":"RouterExplorer","timestamp":"2026-03-30T12:59:39.562Z"}
info: Mapped {/api/setup/logs, GET} route {"context":"RouterExplorer","timestamp":"2026-03-30T12:59:39.563Z"}
info: Mapped {/api/setup/create-admin, POST} route {"context":"RouterExplorer","timestamp":"2026-03-30T12:59:39.566Z"}
info: Mapped {/api/setup/start-runtime, POST} route {"context":"RouterExplorer","timestamp":"2026-03-30T12:59:39.567Z"}
info: Mapped {/api/setup/stop-runtime, POST} route {"context":"RouterExplorer","timestamp":"2026-03-30T12:59:39.569Z"}
info: Mapped {/api/setup/restart-runtime, POST} route {"context":"RouterExplorer","timestamp":"2026-03-30T12:59:39.571Z"}
info: I18Controller {/api/i18}: {"context":"RoutesResolver","timestamp":"2026-03-30T12:59:39.575Z"}
info: Mapped {/api/i18, POST} route {"context":"RouterExplorer","timestamp":"2026-03-30T12:59:39.577Z"}
info: Mapped {/api/i18/format, GET} route {"context":"RouterExplorer","timestamp":"2026-03-30T12:59:39.578Z"}
info: Mapped {/api/i18, GET} route {"context":"RouterExplorer","timestamp":"2026-03-30T12:59:39.580Z"}
info: Mapped {/api/i18/:id, GET} route {"context":"RouterExplorer","timestamp":"2026-03-30T12:59:39.581Z"}
info: Mapped {/api/i18/:id, PATCH} route {"context":"RouterExplorer","timestamp":"2026-03-30T12:59:39.582Z"}
info: Mapped {/api/i18/:id, DELETE} route {"context":"RouterExplorer","timestamp":"2026-03-30T12:59:39.583Z"}
info: Mapped {/api/i18/batch, POST} route {"context":"RouterExplorer","timestamp":"2026-03-30T12:59:39.585Z"}
info: I18nLangController {/api/lang}: {"context":"RoutesResolver","timestamp":"2026-03-30T12:59:39.586Z"}
info: Mapped {/api/lang, POST} route {"context":"RouterExplorer","timestamp":"2026-03-30T12:59:39.591Z"}
info: Mapped {/api/lang, GET} route {"context":"RouterExplorer","timestamp":"2026-03-30T12:59:39.592Z"}
info: Mapped {/api/lang/:id, PATCH} route {"context":"RouterExplorer","timestamp":"2026-03-30T12:59:39.594Z"}
info: Mapped {/api/lang/:id, DELETE} route {"context":"RouterExplorer","timestamp":"2026-03-30T12:59:39.595Z"}
info: MockController {/api/mock}: {"context":"RoutesResolver","timestamp":"2026-03-30T12:59:39.596Z"}
info: Mapped {/api/mock/*, GET} route {"context":"RouterExplorer","timestamp":"2026-03-30T12:59:39.597Z"}
info: Mapped {/api/mock/*, POST} route {"context":"RouterExplorer","timestamp":"2026-03-30T12:59:39.598Z"}
info: Checking translation changes {"context":"I18nService","timestamp":"2026-03-30T12:59:39.984Z"}
info: No changes detected {"context":"I18nService","timestamp":"2026-03-30T12:59:40.012Z"}
warn: Lock file exists, if you want init again, please remove FLAG:INSTALL in your redis {"timestamp":"2026-03-30T12:59:40.016Z"}
info: Nest application successfully started {"context":"NestApplication","timestamp":"2026-03-30T12:59:40.020Z"}
