info: Starting Nest application... {"context":"NestFactory","timestamp":"2026-04-01T10:22:23.685Z"}
info: DbModule dependencies initialized {"context":"InstanceLoader","timestamp":"2026-04-01T10:22:23.746Z"}
info: TypeOrmModule dependencies initialized {"context":"InstanceLoader","timestamp":"2026-04-01T10:22:23.747Z"}
info: RedisModule dependencies initialized {"context":"InstanceLoader","timestamp":"2026-04-01T10:22:23.749Z"}
info: ConfigHostModule dependencies initialized {"context":"InstanceLoader","timestamp":"2026-04-01T10:22:26.400Z"}
info: JwtModule dependencies initialized {"context":"InstanceLoader","timestamp":"2026-04-01T10:22:26.402Z"}
info: LockerModule dependencies initialized {"context":"InstanceLoader","timestamp":"2026-04-01T10:22:26.403Z"}
info: SetupModule dependencies initialized {"context":"InstanceLoader","timestamp":"2026-04-01T10:22:26.420Z"}
info: MockModule dependencies initialized {"context":"InstanceLoader","timestamp":"2026-04-01T10:22:26.422Z"}
info: ConfigModule dependencies initialized {"context":"InstanceLoader","timestamp":"2026-04-01T10:22:26.425Z"}
info: ConfigModule dependencies initialized {"context":"InstanceLoader","timestamp":"2026-04-01T10:22:26.426Z"}
info: JwtModule dependencies initialized {"context":"InstanceLoader","timestamp":"2026-04-01T10:22:26.427Z"}
info: I18nModule dependencies initialized {"context":"InstanceLoader","timestamp":"2026-04-01T10:22:26.906Z"}
info: TypeOrmCoreModule dependencies initialized {"context":"InstanceLoader","timestamp":"2026-04-01T10:22:26.952Z"}
info: TypeOrmModule dependencies initialized {"context":"InstanceLoader","timestamp":"2026-04-01T10:22:26.953Z"}
info: TypeOrmModule dependencies initialized {"context":"InstanceLoader","timestamp":"2026-04-01T10:22:26.954Z"}
info: TypeOrmModule dependencies initialized {"context":"InstanceLoader","timestamp":"2026-04-01T10:22:26.955Z"}
info: TypeOrmModule dependencies initialized {"context":"InstanceLoader","timestamp":"2026-04-01T10:22:26.957Z"}
info: TypeOrmModule dependencies initialized {"context":"InstanceLoader","timestamp":"2026-04-01T10:22:26.958Z"}
info: TypeOrmModule dependencies initialized {"context":"InstanceLoader","timestamp":"2026-04-01T10:22:26.960Z"}
info: TypeOrmModule dependencies initialized {"context":"InstanceLoader","timestamp":"2026-04-01T10:22:26.961Z"}
info: MenuModule dependencies initialized {"context":"InstanceLoader","timestamp":"2026-04-01T10:22:26.970Z"}
info: ApplicationModule dependencies initialized {"context":"InstanceLoader","timestamp":"2026-04-01T10:22:26.971Z"}
info: PermissionModule dependencies initialized {"context":"InstanceLoader","timestamp":"2026-04-01T10:22:26.975Z"}
info: RoleModule dependencies initialized {"context":"InstanceLoader","timestamp":"2026-04-01T10:22:26.979Z"}
info: I18Module dependencies initialized {"context":"InstanceLoader","timestamp":"2026-04-01T10:22:26.981Z"}
info: AuthModule dependencies initialized {"context":"InstanceLoader","timestamp":"2026-04-01T10:22:26.982Z"}
info: AppModule dependencies initialized {"context":"InstanceLoader","timestamp":"2026-04-01T10:22:26.984Z"}
info: UserModule dependencies initialized {"context":"InstanceLoader","timestamp":"2026-04-01T10:22:26.985Z"}
info: HealthCheckController {/api/healthCheck}: {"context":"RoutesResolver","timestamp":"2026-04-01T10:22:27.144Z"}
info: Mapped {/healthCheck, GET} route {"context":"RouterExplorer","timestamp":"2026-04-01T10:22:27.148Z"}
info: UserController {/api/user}: {"context":"RoutesResolver","timestamp":"2026-04-01T10:22:27.149Z"}
info: Mapped {/api/user/reg, POST} route {"context":"RouterExplorer","timestamp":"2026-04-01T10:22:27.152Z"}
info: Mapped {/api/user/info/:email?, GET} route {"context":"RouterExplorer","timestamp":"2026-04-01T10:22:27.153Z"}
info: Mapped {/api/user/:email, DELETE} route {"context":"RouterExplorer","timestamp":"2026-04-01T10:22:27.155Z"}
info: Mapped {/api/user/update, PATCH} route {"context":"RouterExplorer","timestamp":"2026-04-01T10:22:27.157Z"}
info: Mapped {/api/user, GET} route {"context":"RouterExplorer","timestamp":"2026-04-01T10:22:27.158Z"}
info: Mapped {/api/user/admin/updatePwd, PATCH} route {"context":"RouterExplorer","timestamp":"2026-04-01T10:22:27.160Z"}
info: Mapped {/api/user/updatePwd, PATCH} route {"context":"RouterExplorer","timestamp":"2026-04-01T10:22:27.161Z"}
info: Mapped {/api/user/batch, POST} route {"context":"RouterExplorer","timestamp":"2026-04-01T10:22:27.163Z"}
info: PermissionController {/api/permission}: {"context":"RoutesResolver","timestamp":"2026-04-01T10:22:27.164Z"}
info: Mapped {/api/permission, POST} route {"context":"RouterExplorer","timestamp":"2026-04-01T10:22:27.166Z"}
info: Mapped {/api/permission, PATCH} route {"context":"RouterExplorer","timestamp":"2026-04-01T10:22:27.171Z"}
info: Mapped {/api/permission, GET} route {"context":"RouterExplorer","timestamp":"2026-04-01T10:22:27.173Z"}
info: Mapped {/api/permission/:id, DELETE} route {"context":"RouterExplorer","timestamp":"2026-04-01T10:22:27.175Z"}
info: AuthController {/api/auth}: {"context":"RoutesResolver","timestamp":"2026-04-01T10:22:27.176Z"}
info: Mapped {/api/auth/token/refresh, POST} route {"context":"RouterExplorer","timestamp":"2026-04-01T10:22:27.177Z"}
info: Mapped {/api/auth/login, POST} route {"context":"RouterExplorer","timestamp":"2026-04-01T10:22:27.179Z"}
info: Mapped {/api/auth/logout, POST} route {"context":"RouterExplorer","timestamp":"2026-04-01T10:22:27.180Z"}
info: Mapped {/api/auth/api-token, POST} route {"context":"RouterExplorer","timestamp":"2026-04-01T10:22:27.182Z"}
info: Mapped {/api/auth/revoke-api-token, POST} route {"context":"RouterExplorer","timestamp":"2026-04-01T10:22:27.183Z"}
info: RoleController {/api/role}: {"context":"RoutesResolver","timestamp":"2026-04-01T10:22:27.184Z"}
info: Mapped {/api/role, POST} route {"context":"RouterExplorer","timestamp":"2026-04-01T10:22:27.185Z"}
info: Mapped {/api/role, GET} route {"context":"RouterExplorer","timestamp":"2026-04-01T10:22:27.186Z"}
info: Mapped {/api/role/detail, GET} route {"context":"RouterExplorer","timestamp":"2026-04-01T10:22:27.187Z"}
info: Mapped {/api/role, PATCH} route {"context":"RouterExplorer","timestamp":"2026-04-01T10:22:27.189Z"}
info: Mapped {/api/role/:id, DELETE} route {"context":"RouterExplorer","timestamp":"2026-04-01T10:22:27.194Z"}
info: Mapped {/api/role/info/:id, GET} route {"context":"RouterExplorer","timestamp":"2026-04-01T10:22:27.196Z"}
info: MenuController {/api/menu}: {"context":"RoutesResolver","timestamp":"2026-04-01T10:22:27.197Z"}
info: Mapped {/api/menu/role/:email, GET} route {"context":"RouterExplorer","timestamp":"2026-04-01T10:22:27.198Z"}
info: Mapped {/api/menu, GET} route {"context":"RouterExplorer","timestamp":"2026-04-01T10:22:27.199Z"}
info: Mapped {/api/menu, POST} route {"context":"RouterExplorer","timestamp":"2026-04-01T10:22:27.201Z"}
info: Mapped {/api/menu, PATCH} route {"context":"RouterExplorer","timestamp":"2026-04-01T10:22:27.202Z"}
info: Mapped {/api/menu, DELETE} route {"context":"RouterExplorer","timestamp":"2026-04-01T10:22:27.203Z"}
info: ApplicationController {/api/application}: {"context":"RoutesResolver","timestamp":"2026-04-01T10:22:27.204Z"}
info: Mapped {/api/application, GET} route {"context":"RouterExplorer","timestamp":"2026-04-01T10:22:27.209Z"}
info: SetupController {/api/setup}: {"context":"RoutesResolver","timestamp":"2026-04-01T10:22:27.210Z"}
info: Mapped {/api/setup/check-environment, GET} route {"context":"RouterExplorer","timestamp":"2026-04-01T10:22:27.211Z"}
info: Mapped {/api/setup/save-config, POST} route {"context":"RouterExplorer","timestamp":"2026-04-01T10:22:27.213Z"}
info: Mapped {/api/setup/load-config, GET} route {"context":"RouterExplorer","timestamp":"2026-04-01T10:22:27.214Z"}
info: Mapped {/api/setup/test-config, POST} route {"context":"RouterExplorer","timestamp":"2026-04-01T10:22:27.216Z"}
info: Mapped {/api/setup/service-status, GET} route {"context":"RouterExplorer","timestamp":"2026-04-01T10:22:27.217Z"}
info: Mapped {/api/setup/logs, GET} route {"context":"RouterExplorer","timestamp":"2026-04-01T10:22:27.218Z"}
info: Mapped {/api/setup/create-admin, POST} route {"context":"RouterExplorer","timestamp":"2026-04-01T10:22:27.218Z"}
info: Mapped {/api/setup/start-runtime, POST} route {"context":"RouterExplorer","timestamp":"2026-04-01T10:22:27.219Z"}
info: Mapped {/api/setup/stop-runtime, POST} route {"context":"RouterExplorer","timestamp":"2026-04-01T10:22:27.221Z"}
info: Mapped {/api/setup/restart-runtime, POST} route {"context":"RouterExplorer","timestamp":"2026-04-01T10:22:27.222Z"}
info: Mapped {/api/setup/check-runtime, GET} route {"context":"RouterExplorer","timestamp":"2026-04-01T10:22:27.222Z"}
info: Mapped {/api/setup/install-runtime, POST} route {"context":"RouterExplorer","timestamp":"2026-04-01T10:22:27.224Z"}
info: Mapped {/api/setup/read-runtime-env, GET} route {"context":"RouterExplorer","timestamp":"2026-04-01T10:22:27.225Z"}
info: Mapped {/api/setup/save-runtime-env, POST} route {"context":"RouterExplorer","timestamp":"2026-04-01T10:22:27.226Z"}
info: Mapped {/api/setup/generate-ssl, POST} route {"context":"RouterExplorer","timestamp":"2026-04-01T10:22:27.227Z"}
info: Mapped {/api/setup/save-ssl, POST} route {"context":"RouterExplorer","timestamp":"2026-04-01T10:22:27.228Z"}
info: Mapped {/api/setup/create-admin, POST} route {"context":"RouterExplorer","timestamp":"2026-04-01T10:22:27.229Z"}
info: I18Controller {/api/i18}: {"context":"RoutesResolver","timestamp":"2026-04-01T10:22:27.230Z"}
info: Mapped {/api/i18, POST} route {"context":"RouterExplorer","timestamp":"2026-04-01T10:22:27.238Z"}
info: Mapped {/api/i18/format, GET} route {"context":"RouterExplorer","timestamp":"2026-04-01T10:22:27.239Z"}
info: Mapped {/api/i18, GET} route {"context":"RouterExplorer","timestamp":"2026-04-01T10:22:27.240Z"}
info: Mapped {/api/i18/:id, GET} route {"context":"RouterExplorer","timestamp":"2026-04-01T10:22:27.242Z"}
info: Mapped {/api/i18/:id, PATCH} route {"context":"RouterExplorer","timestamp":"2026-04-01T10:22:27.243Z"}
info: Mapped {/api/i18/:id, DELETE} route {"context":"RouterExplorer","timestamp":"2026-04-01T10:22:27.244Z"}
info: Mapped {/api/i18/batch, POST} route {"context":"RouterExplorer","timestamp":"2026-04-01T10:22:27.245Z"}
info: I18nLangController {/api/lang}: {"context":"RoutesResolver","timestamp":"2026-04-01T10:22:27.246Z"}
info: Mapped {/api/lang, POST} route {"context":"RouterExplorer","timestamp":"2026-04-01T10:22:27.250Z"}
info: Mapped {/api/lang, GET} route {"context":"RouterExplorer","timestamp":"2026-04-01T10:22:27.251Z"}
info: Mapped {/api/lang/:id, PATCH} route {"context":"RouterExplorer","timestamp":"2026-04-01T10:22:27.252Z"}
info: Mapped {/api/lang/:id, DELETE} route {"context":"RouterExplorer","timestamp":"2026-04-01T10:22:27.254Z"}
info: MockController {/api/mock}: {"context":"RoutesResolver","timestamp":"2026-04-01T10:22:27.255Z"}
info: Mapped {/api/mock/*, GET} route {"context":"RouterExplorer","timestamp":"2026-04-01T10:22:27.256Z"}
info: Mapped {/api/mock/*, POST} route {"context":"RouterExplorer","timestamp":"2026-04-01T10:22:27.257Z"}
info: Checking translation changes {"context":"I18nService","timestamp":"2026-04-01T10:22:27.693Z"}
info: No changes detected {"context":"I18nService","timestamp":"2026-04-01T10:22:27.711Z"}
warn: Lock file exists, if you want init again, please remove FLAG:INSTALL in your redis {"timestamp":"2026-04-01T10:22:27.714Z"}
info: Nest application successfully started {"context":"NestApplication","timestamp":"2026-04-01T10:22:27.717Z"}
