info: Starting Nest application... {"context":"NestFactory","timestamp":"2026-03-31T15:34:21.568Z"}
info: DbModule dependencies initialized {"context":"InstanceLoader","timestamp":"2026-03-31T15:34:21.748Z"}
info: TypeOrmModule dependencies initialized {"context":"InstanceLoader","timestamp":"2026-03-31T15:34:21.754Z"}
info: RedisModule dependencies initialized {"context":"InstanceLoader","timestamp":"2026-03-31T15:34:21.765Z"}
info: ConfigHostModule dependencies initialized {"context":"InstanceLoader","timestamp":"2026-03-31T15:34:22.428Z"}
info: JwtModule dependencies initialized {"context":"InstanceLoader","timestamp":"2026-03-31T15:34:22.433Z"}
info: LockerModule dependencies initialized {"context":"InstanceLoader","timestamp":"2026-03-31T15:34:22.435Z"}
info: SetupModule dependencies initialized {"context":"InstanceLoader","timestamp":"2026-03-31T15:34:22.506Z"}
info: MockModule dependencies initialized {"context":"InstanceLoader","timestamp":"2026-03-31T15:34:22.509Z"}
info: ConfigModule dependencies initialized {"context":"InstanceLoader","timestamp":"2026-03-31T15:34:22.512Z"}
info: ConfigModule dependencies initialized {"context":"InstanceLoader","timestamp":"2026-03-31T15:34:22.514Z"}
info: JwtModule dependencies initialized {"context":"InstanceLoader","timestamp":"2026-03-31T15:34:22.517Z"}
info: TypeOrmCoreModule dependencies initialized {"context":"InstanceLoader","timestamp":"2026-03-31T15:34:22.738Z"}
info: TypeOrmModule dependencies initialized {"context":"InstanceLoader","timestamp":"2026-03-31T15:34:22.741Z"}
info: TypeOrmModule dependencies initialized {"context":"InstanceLoader","timestamp":"2026-03-31T15:34:22.742Z"}
info: TypeOrmModule dependencies initialized {"context":"InstanceLoader","timestamp":"2026-03-31T15:34:22.743Z"}
info: TypeOrmModule dependencies initialized {"context":"InstanceLoader","timestamp":"2026-03-31T15:34:22.745Z"}
info: TypeOrmModule dependencies initialized {"context":"InstanceLoader","timestamp":"2026-03-31T15:34:22.747Z"}
info: TypeOrmModule dependencies initialized {"context":"InstanceLoader","timestamp":"2026-03-31T15:34:22.748Z"}
info: TypeOrmModule dependencies initialized {"context":"InstanceLoader","timestamp":"2026-03-31T15:34:22.750Z"}
info: I18nModule dependencies initialized {"context":"InstanceLoader","timestamp":"2026-03-31T15:34:22.831Z"}
info: MenuModule dependencies initialized {"context":"InstanceLoader","timestamp":"2026-03-31T15:34:22.843Z"}
info: ApplicationModule dependencies initialized {"context":"InstanceLoader","timestamp":"2026-03-31T15:34:22.848Z"}
info: PermissionModule dependencies initialized {"context":"InstanceLoader","timestamp":"2026-03-31T15:34:22.854Z"}
info: RoleModule dependencies initialized {"context":"InstanceLoader","timestamp":"2026-03-31T15:34:22.857Z"}
info: I18Module dependencies initialized {"context":"InstanceLoader","timestamp":"2026-03-31T15:34:22.863Z"}
info: AuthModule dependencies initialized {"context":"InstanceLoader","timestamp":"2026-03-31T15:34:22.866Z"}
info: AppModule dependencies initialized {"context":"InstanceLoader","timestamp":"2026-03-31T15:34:22.868Z"}
info: UserModule dependencies initialized {"context":"InstanceLoader","timestamp":"2026-03-31T15:34:22.872Z"}
info: HealthCheckController {/api/healthCheck}: {"context":"RoutesResolver","timestamp":"2026-03-31T15:34:23.052Z"}
info: Mapped {/healthCheck, GET} route {"context":"RouterExplorer","timestamp":"2026-03-31T15:34:23.065Z"}
info: UserController {/api/user}: {"context":"RoutesResolver","timestamp":"2026-03-31T15:34:23.068Z"}
info: Mapped {/api/user/reg, POST} route {"context":"RouterExplorer","timestamp":"2026-03-31T15:34:23.073Z"}
info: Mapped {/api/user/info/:email?, GET} route {"context":"RouterExplorer","timestamp":"2026-03-31T15:34:23.077Z"}
info: Mapped {/api/user/:email, DELETE} route {"context":"RouterExplorer","timestamp":"2026-03-31T15:34:23.084Z"}
info: Mapped {/api/user/update, PATCH} route {"context":"RouterExplorer","timestamp":"2026-03-31T15:34:23.088Z"}
info: Mapped {/api/user, GET} route {"context":"RouterExplorer","timestamp":"2026-03-31T15:34:23.092Z"}
info: Mapped {/api/user/admin/updatePwd, PATCH} route {"context":"RouterExplorer","timestamp":"2026-03-31T15:34:23.095Z"}
info: Mapped {/api/user/updatePwd, PATCH} route {"context":"RouterExplorer","timestamp":"2026-03-31T15:34:23.102Z"}
info: Mapped {/api/user/batch, POST} route {"context":"RouterExplorer","timestamp":"2026-03-31T15:34:23.106Z"}
info: PermissionController {/api/permission}: {"context":"RoutesResolver","timestamp":"2026-03-31T15:34:23.110Z"}
info: Mapped {/api/permission, POST} route {"context":"RouterExplorer","timestamp":"2026-03-31T15:34:23.116Z"}
info: Mapped {/api/permission, PATCH} route {"context":"RouterExplorer","timestamp":"2026-03-31T15:34:23.119Z"}
info: Mapped {/api/permission, GET} route {"context":"RouterExplorer","timestamp":"2026-03-31T15:34:23.122Z"}
info: Mapped {/api/permission/:id, DELETE} route {"context":"RouterExplorer","timestamp":"2026-03-31T15:34:23.127Z"}
info: AuthController {/api/auth}: {"context":"RoutesResolver","timestamp":"2026-03-31T15:34:23.136Z"}
info: Mapped {/api/auth/token/refresh, POST} route {"context":"RouterExplorer","timestamp":"2026-03-31T15:34:23.140Z"}
info: Mapped {/api/auth/login, POST} route {"context":"RouterExplorer","timestamp":"2026-03-31T15:34:23.147Z"}
info: Mapped {/api/auth/logout, POST} route {"context":"RouterExplorer","timestamp":"2026-03-31T15:34:23.150Z"}
info: Mapped {/api/auth/api-token, POST} route {"context":"RouterExplorer","timestamp":"2026-03-31T15:34:23.152Z"}
info: Mapped {/api/auth/revoke-api-token, POST} route {"context":"RouterExplorer","timestamp":"2026-03-31T15:34:23.156Z"}
info: RoleController {/api/role}: {"context":"RoutesResolver","timestamp":"2026-03-31T15:34:23.159Z"}
info: Mapped {/api/role, POST} route {"context":"RouterExplorer","timestamp":"2026-03-31T15:34:23.166Z"}
info: Mapped {/api/role, GET} route {"context":"RouterExplorer","timestamp":"2026-03-31T15:34:23.169Z"}
info: Mapped {/api/role/detail, GET} route {"context":"RouterExplorer","timestamp":"2026-03-31T15:34:23.171Z"}
info: Mapped {/api/role, PATCH} route {"context":"RouterExplorer","timestamp":"2026-03-31T15:34:23.173Z"}
info: Mapped {/api/role/:id, DELETE} route {"context":"RouterExplorer","timestamp":"2026-03-31T15:34:23.177Z"}
info: Mapped {/api/role/info/:id, GET} route {"context":"RouterExplorer","timestamp":"2026-03-31T15:34:23.185Z"}
info: MenuController {/api/menu}: {"context":"RoutesResolver","timestamp":"2026-03-31T15:34:23.189Z"}
info: Mapped {/api/menu/role/:email, GET} route {"context":"RouterExplorer","timestamp":"2026-03-31T15:34:23.196Z"}
info: Mapped {/api/menu, GET} route {"context":"RouterExplorer","timestamp":"2026-03-31T15:34:23.200Z"}
info: Mapped {/api/menu, POST} route {"context":"RouterExplorer","timestamp":"2026-03-31T15:34:23.203Z"}
info: Mapped {/api/menu, PATCH} route {"context":"RouterExplorer","timestamp":"2026-03-31T15:34:23.206Z"}
info: Mapped {/api/menu, DELETE} route {"context":"RouterExplorer","timestamp":"2026-03-31T15:34:23.213Z"}
info: ApplicationController {/api/application}: {"context":"RoutesResolver","timestamp":"2026-03-31T15:34:23.215Z"}
info: Mapped {/api/application, GET} route {"context":"RouterExplorer","timestamp":"2026-03-31T15:34:23.217Z"}
info: SetupController {/api/setup}: {"context":"RoutesResolver","timestamp":"2026-03-31T15:34:23.220Z"}
info: Mapped {/api/setup/check-environment, GET} route {"context":"RouterExplorer","timestamp":"2026-03-31T15:34:23.222Z"}
info: Mapped {/api/setup/save-config, POST} route {"context":"RouterExplorer","timestamp":"2026-03-31T15:34:23.231Z"}
info: Mapped {/api/setup/load-config, GET} route {"context":"RouterExplorer","timestamp":"2026-03-31T15:34:23.234Z"}
info: Mapped {/api/setup/test-config, POST} route {"context":"RouterExplorer","timestamp":"2026-03-31T15:34:23.238Z"}
info: Mapped {/api/setup/service-status, GET} route {"context":"RouterExplorer","timestamp":"2026-03-31T15:34:23.245Z"}
info: Mapped {/api/setup/logs, GET} route {"context":"RouterExplorer","timestamp":"2026-03-31T15:34:23.250Z"}
info: Mapped {/api/setup/create-admin, POST} route {"context":"RouterExplorer","timestamp":"2026-03-31T15:34:23.253Z"}
info: Mapped {/api/setup/start-runtime, POST} route {"context":"RouterExplorer","timestamp":"2026-03-31T15:34:23.262Z"}
info: Mapped {/api/setup/stop-runtime, POST} route {"context":"RouterExplorer","timestamp":"2026-03-31T15:34:23.265Z"}
info: Mapped {/api/setup/restart-runtime, POST} route {"context":"RouterExplorer","timestamp":"2026-03-31T15:34:23.268Z"}
info: Mapped {/api/setup/check-runtime, GET} route {"context":"RouterExplorer","timestamp":"2026-03-31T15:34:23.272Z"}
info: Mapped {/api/setup/install-runtime, POST} route {"context":"RouterExplorer","timestamp":"2026-03-31T15:34:23.279Z"}
info: Mapped {/api/setup/read-runtime-env, GET} route {"context":"RouterExplorer","timestamp":"2026-03-31T15:34:23.283Z"}
info: Mapped {/api/setup/save-runtime-env, POST} route {"context":"RouterExplorer","timestamp":"2026-03-31T15:34:23.286Z"}
info: Mapped {/api/setup/generate-ssl, POST} route {"context":"RouterExplorer","timestamp":"2026-03-31T15:34:23.293Z"}
info: Mapped {/api/setup/save-ssl, POST} route {"context":"RouterExplorer","timestamp":"2026-03-31T15:34:23.295Z"}
info: Mapped {/api/setup/create-admin, POST} route {"context":"RouterExplorer","timestamp":"2026-03-31T15:34:23.298Z"}
info: I18Controller {/api/i18}: {"context":"RoutesResolver","timestamp":"2026-03-31T15:34:23.301Z"}
info: Mapped {/api/i18, POST} route {"context":"RouterExplorer","timestamp":"2026-03-31T15:34:23.309Z"}
info: Mapped {/api/i18/format, GET} route {"context":"RouterExplorer","timestamp":"2026-03-31T15:34:23.312Z"}
info: Mapped {/api/i18, GET} route {"context":"RouterExplorer","timestamp":"2026-03-31T15:34:23.315Z"}
info: Mapped {/api/i18/:id, GET} route {"context":"RouterExplorer","timestamp":"2026-03-31T15:34:23.320Z"}
info: Mapped {/api/i18/:id, PATCH} route {"context":"RouterExplorer","timestamp":"2026-03-31T15:34:23.327Z"}
info: Mapped {/api/i18/:id, DELETE} route {"context":"RouterExplorer","timestamp":"2026-03-31T15:34:23.330Z"}
info: Mapped {/api/i18/batch, POST} route {"context":"RouterExplorer","timestamp":"2026-03-31T15:34:23.334Z"}
info: I18nLangController {/api/lang}: {"context":"RoutesResolver","timestamp":"2026-03-31T15:34:23.341Z"}
info: Mapped {/api/lang, POST} route {"context":"RouterExplorer","timestamp":"2026-03-31T15:34:23.345Z"}
info: Mapped {/api/lang, GET} route {"context":"RouterExplorer","timestamp":"2026-03-31T15:34:23.348Z"}
info: Mapped {/api/lang/:id, PATCH} route {"context":"RouterExplorer","timestamp":"2026-03-31T15:34:23.352Z"}
info: Mapped {/api/lang/:id, DELETE} route {"context":"RouterExplorer","timestamp":"2026-03-31T15:34:23.360Z"}
info: MockController {/api/mock}: {"context":"RoutesResolver","timestamp":"2026-03-31T15:34:23.364Z"}
info: Mapped {/api/mock/*, GET} route {"context":"RouterExplorer","timestamp":"2026-03-31T15:34:23.373Z"}
info: Mapped {/api/mock/*, POST} route {"context":"RouterExplorer","timestamp":"2026-03-31T15:34:23.377Z"}
info: Checking translation changes {"context":"I18nService","timestamp":"2026-03-31T15:34:24.120Z"}
info: No changes detected {"context":"I18nService","timestamp":"2026-03-31T15:34:24.167Z"}
warn: Lock file exists, if you want init again, please remove FLAG:INSTALL in your redis {"timestamp":"2026-03-31T15:34:24.176Z"}
info: Nest application successfully started {"context":"NestApplication","timestamp":"2026-03-31T15:34:24.184Z"}
info: 创建管理员账号: {"context":{"email":"admin@uctoo.com","name":"uctoov4"},"timestamp":"2026-03-31T15:35:58.613Z"}
info: Starting Nest application... {"context":"NestFactory","timestamp":"2026-03-31T15:42:44.165Z"}
info: DbModule dependencies initialized {"context":"InstanceLoader","timestamp":"2026-03-31T15:42:44.223Z"}
info: TypeOrmModule dependencies initialized {"context":"InstanceLoader","timestamp":"2026-03-31T15:42:44.226Z"}
info: RedisModule dependencies initialized {"context":"InstanceLoader","timestamp":"2026-03-31T15:42:44.228Z"}
info: ConfigHostModule dependencies initialized {"context":"InstanceLoader","timestamp":"2026-03-31T15:42:44.435Z"}
info: JwtModule dependencies initialized {"context":"InstanceLoader","timestamp":"2026-03-31T15:42:44.438Z"}
info: LockerModule dependencies initialized {"context":"InstanceLoader","timestamp":"2026-03-31T15:42:44.439Z"}
info: SetupModule dependencies initialized {"context":"InstanceLoader","timestamp":"2026-03-31T15:42:44.466Z"}
info: MockModule dependencies initialized {"context":"InstanceLoader","timestamp":"2026-03-31T15:42:44.469Z"}
info: ConfigModule dependencies initialized {"context":"InstanceLoader","timestamp":"2026-03-31T15:42:44.471Z"}
info: ConfigModule dependencies initialized {"context":"InstanceLoader","timestamp":"2026-03-31T15:42:44.472Z"}
info: JwtModule dependencies initialized {"context":"InstanceLoader","timestamp":"2026-03-31T15:42:44.474Z"}
info: TypeOrmCoreModule dependencies initialized {"context":"InstanceLoader","timestamp":"2026-03-31T15:42:44.583Z"}
info: TypeOrmModule dependencies initialized {"context":"InstanceLoader","timestamp":"2026-03-31T15:42:44.587Z"}
info: TypeOrmModule dependencies initialized {"context":"InstanceLoader","timestamp":"2026-03-31T15:42:44.588Z"}
info: TypeOrmModule dependencies initialized {"context":"InstanceLoader","timestamp":"2026-03-31T15:42:44.589Z"}
info: TypeOrmModule dependencies initialized {"context":"InstanceLoader","timestamp":"2026-03-31T15:42:44.591Z"}
info: TypeOrmModule dependencies initialized {"context":"InstanceLoader","timestamp":"2026-03-31T15:42:44.592Z"}
info: TypeOrmModule dependencies initialized {"context":"InstanceLoader","timestamp":"2026-03-31T15:42:44.593Z"}
info: TypeOrmModule dependencies initialized {"context":"InstanceLoader","timestamp":"2026-03-31T15:42:44.595Z"}
info: I18nModule dependencies initialized {"context":"InstanceLoader","timestamp":"2026-03-31T15:42:44.624Z"}
info: MenuModule dependencies initialized {"context":"InstanceLoader","timestamp":"2026-03-31T15:42:44.629Z"}
info: ApplicationModule dependencies initialized {"context":"InstanceLoader","timestamp":"2026-03-31T15:42:44.630Z"}
info: PermissionModule dependencies initialized {"context":"InstanceLoader","timestamp":"2026-03-31T15:42:44.633Z"}
info: RoleModule dependencies initialized {"context":"InstanceLoader","timestamp":"2026-03-31T15:42:44.635Z"}
info: I18Module dependencies initialized {"context":"InstanceLoader","timestamp":"2026-03-31T15:42:44.637Z"}
info: AuthModule dependencies initialized {"context":"InstanceLoader","timestamp":"2026-03-31T15:42:44.638Z"}
info: AppModule dependencies initialized {"context":"InstanceLoader","timestamp":"2026-03-31T15:42:44.639Z"}
info: UserModule dependencies initialized {"context":"InstanceLoader","timestamp":"2026-03-31T15:42:44.643Z"}
info: HealthCheckController {/api/healthCheck}: {"context":"RoutesResolver","timestamp":"2026-03-31T15:42:44.738Z"}
info: Mapped {/healthCheck, GET} route {"context":"RouterExplorer","timestamp":"2026-03-31T15:42:44.744Z"}
info: UserController {/api/user}: {"context":"RoutesResolver","timestamp":"2026-03-31T15:42:44.745Z"}
info: Mapped {/api/user/reg, POST} route {"context":"RouterExplorer","timestamp":"2026-03-31T15:42:44.747Z"}
info: Mapped {/api/user/info/:email?, GET} route {"context":"RouterExplorer","timestamp":"2026-03-31T15:42:44.753Z"}
info: Mapped {/api/user/:email, DELETE} route {"context":"RouterExplorer","timestamp":"2026-03-31T15:42:44.755Z"}
info: Mapped {/api/user/update, PATCH} route {"context":"RouterExplorer","timestamp":"2026-03-31T15:42:44.757Z"}
info: Mapped {/api/user, GET} route {"context":"RouterExplorer","timestamp":"2026-03-31T15:42:44.758Z"}
info: Mapped {/api/user/admin/updatePwd, PATCH} route {"context":"RouterExplorer","timestamp":"2026-03-31T15:42:44.760Z"}
info: Mapped {/api/user/updatePwd, PATCH} route {"context":"RouterExplorer","timestamp":"2026-03-31T15:42:44.761Z"}
info: Mapped {/api/user/batch, POST} route {"context":"RouterExplorer","timestamp":"2026-03-31T15:42:44.763Z"}
info: PermissionController {/api/permission}: {"context":"RoutesResolver","timestamp":"2026-03-31T15:42:44.764Z"}
info: Mapped {/api/permission, POST} route {"context":"RouterExplorer","timestamp":"2026-03-31T15:42:44.765Z"}
info: Mapped {/api/permission, PATCH} route {"context":"RouterExplorer","timestamp":"2026-03-31T15:42:44.771Z"}
info: Mapped {/api/permission, GET} route {"context":"RouterExplorer","timestamp":"2026-03-31T15:42:44.773Z"}
info: Mapped {/api/permission/:id, DELETE} route {"context":"RouterExplorer","timestamp":"2026-03-31T15:42:44.774Z"}
info: AuthController {/api/auth}: {"context":"RoutesResolver","timestamp":"2026-03-31T15:42:44.775Z"}
info: Mapped {/api/auth/token/refresh, POST} route {"context":"RouterExplorer","timestamp":"2026-03-31T15:42:44.776Z"}
info: Mapped {/api/auth/login, POST} route {"context":"RouterExplorer","timestamp":"2026-03-31T15:42:44.777Z"}
info: Mapped {/api/auth/logout, POST} route {"context":"RouterExplorer","timestamp":"2026-03-31T15:42:44.778Z"}
info: Mapped {/api/auth/api-token, POST} route {"context":"RouterExplorer","timestamp":"2026-03-31T15:42:44.779Z"}
info: Mapped {/api/auth/revoke-api-token, POST} route {"context":"RouterExplorer","timestamp":"2026-03-31T15:42:44.780Z"}
info: RoleController {/api/role}: {"context":"RoutesResolver","timestamp":"2026-03-31T15:42:44.786Z"}
info: Mapped {/api/role, POST} route {"context":"RouterExplorer","timestamp":"2026-03-31T15:42:44.788Z"}
info: Mapped {/api/role, GET} route {"context":"RouterExplorer","timestamp":"2026-03-31T15:42:44.789Z"}
info: Mapped {/api/role/detail, GET} route {"context":"RouterExplorer","timestamp":"2026-03-31T15:42:44.790Z"}
info: Mapped {/api/role, PATCH} route {"context":"RouterExplorer","timestamp":"2026-03-31T15:42:44.791Z"}
info: Mapped {/api/role/:id, DELETE} route {"context":"RouterExplorer","timestamp":"2026-03-31T15:42:44.792Z"}
info: Mapped {/api/role/info/:id, GET} route {"context":"RouterExplorer","timestamp":"2026-03-31T15:42:44.793Z"}
info: MenuController {/api/menu}: {"context":"RoutesResolver","timestamp":"2026-03-31T15:42:44.794Z"}
info: Mapped {/api/menu/role/:email, GET} route {"context":"RouterExplorer","timestamp":"2026-03-31T15:42:44.795Z"}
info: Mapped {/api/menu, GET} route {"context":"RouterExplorer","timestamp":"2026-03-31T15:42:44.796Z"}
info: Mapped {/api/menu, POST} route {"context":"RouterExplorer","timestamp":"2026-03-31T15:42:44.801Z"}
info: Mapped {/api/menu, PATCH} route {"context":"RouterExplorer","timestamp":"2026-03-31T15:42:44.802Z"}
info: Mapped {/api/menu, DELETE} route {"context":"RouterExplorer","timestamp":"2026-03-31T15:42:44.804Z"}
info: ApplicationController {/api/application}: {"context":"RoutesResolver","timestamp":"2026-03-31T15:42:44.805Z"}
info: Mapped {/api/application, GET} route {"context":"RouterExplorer","timestamp":"2026-03-31T15:42:44.806Z"}
info: SetupController {/api/setup}: {"context":"RoutesResolver","timestamp":"2026-03-31T15:42:44.807Z"}
info: Mapped {/api/setup/check-environment, GET} route {"context":"RouterExplorer","timestamp":"2026-03-31T15:42:44.809Z"}
info: Mapped {/api/setup/save-config, POST} route {"context":"RouterExplorer","timestamp":"2026-03-31T15:42:44.810Z"}
info: Mapped {/api/setup/load-config, GET} route {"context":"RouterExplorer","timestamp":"2026-03-31T15:42:44.811Z"}
info: Mapped {/api/setup/test-config, POST} route {"context":"RouterExplorer","timestamp":"2026-03-31T15:42:44.813Z"}
info: Mapped {/api/setup/service-status, GET} route {"context":"RouterExplorer","timestamp":"2026-03-31T15:42:44.818Z"}
info: Mapped {/api/setup/logs, GET} route {"context":"RouterExplorer","timestamp":"2026-03-31T15:42:44.820Z"}
info: Mapped {/api/setup/create-admin, POST} route {"context":"RouterExplorer","timestamp":"2026-03-31T15:42:44.821Z"}
info: Mapped {/api/setup/start-runtime, POST} route {"context":"RouterExplorer","timestamp":"2026-03-31T15:42:44.823Z"}
info: Mapped {/api/setup/stop-runtime, POST} route {"context":"RouterExplorer","timestamp":"2026-03-31T15:42:44.824Z"}
info: Mapped {/api/setup/restart-runtime, POST} route {"context":"RouterExplorer","timestamp":"2026-03-31T15:42:44.825Z"}
info: Mapped {/api/setup/check-runtime, GET} route {"context":"RouterExplorer","timestamp":"2026-03-31T15:42:44.826Z"}
info: Mapped {/api/setup/install-runtime, POST} route {"context":"RouterExplorer","timestamp":"2026-03-31T15:42:44.828Z"}
info: Mapped {/api/setup/read-runtime-env, GET} route {"context":"RouterExplorer","timestamp":"2026-03-31T15:42:44.832Z"}
info: Mapped {/api/setup/save-runtime-env, POST} route {"context":"RouterExplorer","timestamp":"2026-03-31T15:42:44.833Z"}
info: Mapped {/api/setup/generate-ssl, POST} route {"context":"RouterExplorer","timestamp":"2026-03-31T15:42:44.835Z"}
info: Mapped {/api/setup/save-ssl, POST} route {"context":"RouterExplorer","timestamp":"2026-03-31T15:42:44.836Z"}
info: Mapped {/api/setup/create-admin, POST} route {"context":"RouterExplorer","timestamp":"2026-03-31T15:42:44.838Z"}
info: I18Controller {/api/i18}: {"context":"RoutesResolver","timestamp":"2026-03-31T15:42:44.839Z"}
info: Mapped {/api/i18, POST} route {"context":"RouterExplorer","timestamp":"2026-03-31T15:42:44.840Z"}
info: Mapped {/api/i18/format, GET} route {"context":"RouterExplorer","timestamp":"2026-03-31T15:42:44.842Z"}
info: Mapped {/api/i18, GET} route {"context":"RouterExplorer","timestamp":"2026-03-31T15:42:44.843Z"}
info: Mapped {/api/i18/:id, GET} route {"context":"RouterExplorer","timestamp":"2026-03-31T15:42:44.844Z"}
info: Mapped {/api/i18/:id, PATCH} route {"context":"RouterExplorer","timestamp":"2026-03-31T15:42:44.848Z"}
info: Mapped {/api/i18/:id, DELETE} route {"context":"RouterExplorer","timestamp":"2026-03-31T15:42:44.849Z"}
info: Mapped {/api/i18/batch, POST} route {"context":"RouterExplorer","timestamp":"2026-03-31T15:42:44.850Z"}
info: I18nLangController {/api/lang}: {"context":"RoutesResolver","timestamp":"2026-03-31T15:42:44.852Z"}
info: Mapped {/api/lang, POST} route {"context":"RouterExplorer","timestamp":"2026-03-31T15:42:44.854Z"}
info: Mapped {/api/lang, GET} route {"context":"RouterExplorer","timestamp":"2026-03-31T15:42:44.855Z"}
info: Mapped {/api/lang/:id, PATCH} route {"context":"RouterExplorer","timestamp":"2026-03-31T15:42:44.856Z"}
info: Mapped {/api/lang/:id, DELETE} route {"context":"RouterExplorer","timestamp":"2026-03-31T15:42:44.858Z"}
info: MockController {/api/mock}: {"context":"RoutesResolver","timestamp":"2026-03-31T15:42:44.859Z"}
info: Mapped {/api/mock/*, GET} route {"context":"RouterExplorer","timestamp":"2026-03-31T15:42:44.864Z"}
info: Mapped {/api/mock/*, POST} route {"context":"RouterExplorer","timestamp":"2026-03-31T15:42:44.865Z"}
info: Checking translation changes {"context":"I18nService","timestamp":"2026-03-31T15:42:45.329Z"}
info: No changes detected {"context":"I18nService","timestamp":"2026-03-31T15:42:45.374Z"}
warn: Lock file exists, if you want init again, please remove FLAG:INSTALL in your redis {"timestamp":"2026-03-31T15:42:45.379Z"}
info: Nest application successfully started {"context":"NestApplication","timestamp":"2026-03-31T15:42:45.386Z"}
info: Starting Nest application... {"context":"NestFactory","timestamp":"2026-03-31T15:47:34.255Z"}
info: DbModule dependencies initialized {"context":"InstanceLoader","timestamp":"2026-03-31T15:47:34.399Z"}
info: TypeOrmModule dependencies initialized {"context":"InstanceLoader","timestamp":"2026-03-31T15:47:34.401Z"}
info: RedisModule dependencies initialized {"context":"InstanceLoader","timestamp":"2026-03-31T15:47:34.403Z"}
info: ConfigHostModule dependencies initialized {"context":"InstanceLoader","timestamp":"2026-03-31T15:47:34.786Z"}
info: JwtModule dependencies initialized {"context":"InstanceLoader","timestamp":"2026-03-31T15:47:34.788Z"}
info: LockerModule dependencies initialized {"context":"InstanceLoader","timestamp":"2026-03-31T15:47:34.789Z"}
info: SetupModule dependencies initialized {"context":"InstanceLoader","timestamp":"2026-03-31T15:47:34.820Z"}
info: MockModule dependencies initialized {"context":"InstanceLoader","timestamp":"2026-03-31T15:47:34.823Z"}
info: ConfigModule dependencies initialized {"context":"InstanceLoader","timestamp":"2026-03-31T15:47:34.825Z"}
info: ConfigModule dependencies initialized {"context":"InstanceLoader","timestamp":"2026-03-31T15:47:34.827Z"}
info: JwtModule dependencies initialized {"context":"InstanceLoader","timestamp":"2026-03-31T15:47:34.829Z"}
info: TypeOrmCoreModule dependencies initialized {"context":"InstanceLoader","timestamp":"2026-03-31T15:47:34.977Z"}
info: TypeOrmModule dependencies initialized {"context":"InstanceLoader","timestamp":"2026-03-31T15:47:34.979Z"}
info: TypeOrmModule dependencies initialized {"context":"InstanceLoader","timestamp":"2026-03-31T15:47:34.981Z"}
info: TypeOrmModule dependencies initialized {"context":"InstanceLoader","timestamp":"2026-03-31T15:47:34.982Z"}
info: TypeOrmModule dependencies initialized {"context":"InstanceLoader","timestamp":"2026-03-31T15:47:34.983Z"}
info: TypeOrmModule dependencies initialized {"context":"InstanceLoader","timestamp":"2026-03-31T15:47:34.984Z"}
info: TypeOrmModule dependencies initialized {"context":"InstanceLoader","timestamp":"2026-03-31T15:47:34.985Z"}
info: TypeOrmModule dependencies initialized {"context":"InstanceLoader","timestamp":"2026-03-31T15:47:34.986Z"}
info: I18nModule dependencies initialized {"context":"InstanceLoader","timestamp":"2026-03-31T15:47:35.044Z"}
info: MenuModule dependencies initialized {"context":"InstanceLoader","timestamp":"2026-03-31T15:47:35.054Z"}
info: ApplicationModule dependencies initialized {"context":"InstanceLoader","timestamp":"2026-03-31T15:47:35.057Z"}
info: PermissionModule dependencies initialized {"context":"InstanceLoader","timestamp":"2026-03-31T15:47:35.062Z"}
info: RoleModule dependencies initialized {"context":"InstanceLoader","timestamp":"2026-03-31T15:47:35.064Z"}
info: I18Module dependencies initialized {"context":"InstanceLoader","timestamp":"2026-03-31T15:47:35.065Z"}
info: AuthModule dependencies initialized {"context":"InstanceLoader","timestamp":"2026-03-31T15:47:35.068Z"}
info: AppModule dependencies initialized {"context":"InstanceLoader","timestamp":"2026-03-31T15:47:35.070Z"}
info: UserModule dependencies initialized {"context":"InstanceLoader","timestamp":"2026-03-31T15:47:35.071Z"}
info: HealthCheckController {/api/healthCheck}: {"context":"RoutesResolver","timestamp":"2026-03-31T15:47:35.215Z"}
info: Mapped {/healthCheck, GET} route {"context":"RouterExplorer","timestamp":"2026-03-31T15:47:35.225Z"}
info: UserController {/api/user}: {"context":"RoutesResolver","timestamp":"2026-03-31T15:47:35.226Z"}
info: Mapped {/api/user/reg, POST} route {"context":"RouterExplorer","timestamp":"2026-03-31T15:47:35.230Z"}
info: Mapped {/api/user/info/:email?, GET} route {"context":"RouterExplorer","timestamp":"2026-03-31T15:47:35.235Z"}
info: Mapped {/api/user/:email, DELETE} route {"context":"RouterExplorer","timestamp":"2026-03-31T15:47:35.238Z"}
info: Mapped {/api/user/update, PATCH} route {"context":"RouterExplorer","timestamp":"2026-03-31T15:47:35.241Z"}
info: Mapped {/api/user, GET} route {"context":"RouterExplorer","timestamp":"2026-03-31T15:47:35.243Z"}
info: Mapped {/api/user/admin/updatePwd, PATCH} route {"context":"RouterExplorer","timestamp":"2026-03-31T15:47:35.245Z"}
info: Mapped {/api/user/updatePwd, PATCH} route {"context":"RouterExplorer","timestamp":"2026-03-31T15:47:35.247Z"}
info: Mapped {/api/user/batch, POST} route {"context":"RouterExplorer","timestamp":"2026-03-31T15:47:35.255Z"}
info: PermissionController {/api/permission}: {"context":"RoutesResolver","timestamp":"2026-03-31T15:47:35.257Z"}
info: Mapped {/api/permission, POST} route {"context":"RouterExplorer","timestamp":"2026-03-31T15:47:35.259Z"}
info: Mapped {/api/permission, PATCH} route {"context":"RouterExplorer","timestamp":"2026-03-31T15:47:35.261Z"}
info: Mapped {/api/permission, GET} route {"context":"RouterExplorer","timestamp":"2026-03-31T15:47:35.262Z"}
info: Mapped {/api/permission/:id, DELETE} route {"context":"RouterExplorer","timestamp":"2026-03-31T15:47:35.269Z"}
info: AuthController {/api/auth}: {"context":"RoutesResolver","timestamp":"2026-03-31T15:47:35.270Z"}
info: Mapped {/api/auth/token/refresh, POST} route {"context":"RouterExplorer","timestamp":"2026-03-31T15:47:35.272Z"}
info: Mapped {/api/auth/login, POST} route {"context":"RouterExplorer","timestamp":"2026-03-31T15:47:35.274Z"}
info: Mapped {/api/auth/logout, POST} route {"context":"RouterExplorer","timestamp":"2026-03-31T15:47:35.276Z"}
info: Mapped {/api/auth/api-token, POST} route {"context":"RouterExplorer","timestamp":"2026-03-31T15:47:35.280Z"}
info: Mapped {/api/auth/revoke-api-token, POST} route {"context":"RouterExplorer","timestamp":"2026-03-31T15:47:35.285Z"}
info: RoleController {/api/role}: {"context":"RoutesResolver","timestamp":"2026-03-31T15:47:35.287Z"}
info: Mapped {/api/role, POST} route {"context":"RouterExplorer","timestamp":"2026-03-31T15:47:35.290Z"}
info: Mapped {/api/role, GET} route {"context":"RouterExplorer","timestamp":"2026-03-31T15:47:35.291Z"}
info: Mapped {/api/role/detail, GET} route {"context":"RouterExplorer","timestamp":"2026-03-31T15:47:35.293Z"}
info: Mapped {/api/role, PATCH} route {"context":"RouterExplorer","timestamp":"2026-03-31T15:47:35.298Z"}
info: Mapped {/api/role/:id, DELETE} route {"context":"RouterExplorer","timestamp":"2026-03-31T15:47:35.300Z"}
info: Mapped {/api/role/info/:id, GET} route {"context":"RouterExplorer","timestamp":"2026-03-31T15:47:35.303Z"}
info: MenuController {/api/menu}: {"context":"RoutesResolver","timestamp":"2026-03-31T15:47:35.305Z"}
info: Mapped {/api/menu/role/:email, GET} route {"context":"RouterExplorer","timestamp":"2026-03-31T15:47:35.309Z"}
info: Mapped {/api/menu, GET} route {"context":"RouterExplorer","timestamp":"2026-03-31T15:47:35.314Z"}
info: Mapped {/api/menu, POST} route {"context":"RouterExplorer","timestamp":"2026-03-31T15:47:35.317Z"}
info: Mapped {/api/menu, PATCH} route {"context":"RouterExplorer","timestamp":"2026-03-31T15:47:35.323Z"}
info: Mapped {/api/menu, DELETE} route {"context":"RouterExplorer","timestamp":"2026-03-31T15:47:35.327Z"}
info: ApplicationController {/api/application}: {"context":"RoutesResolver","timestamp":"2026-03-31T15:47:35.332Z"}
info: Mapped {/api/application, GET} route {"context":"RouterExplorer","timestamp":"2026-03-31T15:47:35.336Z"}
info: SetupController {/api/setup}: {"context":"RoutesResolver","timestamp":"2026-03-31T15:47:35.339Z"}
info: Mapped {/api/setup/check-environment, GET} route {"context":"RouterExplorer","timestamp":"2026-03-31T15:47:35.342Z"}
info: Mapped {/api/setup/save-config, POST} route {"context":"RouterExplorer","timestamp":"2026-03-31T15:47:35.347Z"}
info: Mapped {/api/setup/load-config, GET} route {"context":"RouterExplorer","timestamp":"2026-03-31T15:47:35.351Z"}
info: Mapped {/api/setup/test-config, POST} route {"context":"RouterExplorer","timestamp":"2026-03-31T15:47:35.353Z"}
info: Mapped {/api/setup/service-status, GET} route {"context":"RouterExplorer","timestamp":"2026-03-31T15:47:35.354Z"}
info: Mapped {/api/setup/logs, GET} route {"context":"RouterExplorer","timestamp":"2026-03-31T15:47:35.357Z"}
info: Mapped {/api/setup/create-admin, POST} route {"context":"RouterExplorer","timestamp":"2026-03-31T15:47:35.365Z"}
info: Mapped {/api/setup/start-runtime, POST} route {"context":"RouterExplorer","timestamp":"2026-03-31T15:47:35.368Z"}
info: Mapped {/api/setup/stop-runtime, POST} route {"context":"RouterExplorer","timestamp":"2026-03-31T15:47:35.370Z"}
info: Mapped {/api/setup/restart-runtime, POST} route {"context":"RouterExplorer","timestamp":"2026-03-31T15:47:35.372Z"}
info: Mapped {/api/setup/check-runtime, GET} route {"context":"RouterExplorer","timestamp":"2026-03-31T15:47:35.378Z"}
info: Mapped {/api/setup/install-runtime, POST} route {"context":"RouterExplorer","timestamp":"2026-03-31T15:47:35.379Z"}
info: Mapped {/api/setup/read-runtime-env, GET} route {"context":"RouterExplorer","timestamp":"2026-03-31T15:47:35.381Z"}
info: Mapped {/api/setup/save-runtime-env, POST} route {"context":"RouterExplorer","timestamp":"2026-03-31T15:47:35.384Z"}
info: Mapped {/api/setup/generate-ssl, POST} route {"context":"RouterExplorer","timestamp":"2026-03-31T15:47:35.386Z"}
info: Mapped {/api/setup/save-ssl, POST} route {"context":"RouterExplorer","timestamp":"2026-03-31T15:47:35.389Z"}
info: Mapped {/api/setup/create-admin, POST} route {"context":"RouterExplorer","timestamp":"2026-03-31T15:47:35.394Z"}
info: I18Controller {/api/i18}: {"context":"RoutesResolver","timestamp":"2026-03-31T15:47:35.396Z"}
info: Mapped {/api/i18, POST} route {"context":"RouterExplorer","timestamp":"2026-03-31T15:47:35.398Z"}
info: Mapped {/api/i18/format, GET} route {"context":"RouterExplorer","timestamp":"2026-03-31T15:47:35.401Z"}
info: Mapped {/api/i18, GET} route {"context":"RouterExplorer","timestamp":"2026-03-31T15:47:35.403Z"}
info: Mapped {/api/i18/:id, GET} route {"context":"RouterExplorer","timestamp":"2026-03-31T15:47:35.408Z"}
info: Mapped {/api/i18/:id, PATCH} route {"context":"RouterExplorer","timestamp":"2026-03-31T15:47:35.410Z"}
info: Mapped {/api/i18/:id, DELETE} route {"context":"RouterExplorer","timestamp":"2026-03-31T15:47:35.412Z"}
info: Mapped {/api/i18/batch, POST} route {"context":"RouterExplorer","timestamp":"2026-03-31T15:47:35.413Z"}
info: I18nLangController {/api/lang}: {"context":"RoutesResolver","timestamp":"2026-03-31T15:47:35.415Z"}
info: Mapped {/api/lang, POST} route {"context":"RouterExplorer","timestamp":"2026-03-31T15:47:35.417Z"}
info: Mapped {/api/lang, GET} route {"context":"RouterExplorer","timestamp":"2026-03-31T15:47:35.419Z"}
info: Mapped {/api/lang/:id, PATCH} route {"context":"RouterExplorer","timestamp":"2026-03-31T15:47:35.425Z"}
info: Mapped {/api/lang/:id, DELETE} route {"context":"RouterExplorer","timestamp":"2026-03-31T15:47:35.426Z"}
info: MockController {/api/mock}: {"context":"RoutesResolver","timestamp":"2026-03-31T15:47:35.428Z"}
info: Mapped {/api/mock/*, GET} route {"context":"RouterExplorer","timestamp":"2026-03-31T15:47:35.429Z"}
info: Mapped {/api/mock/*, POST} route {"context":"RouterExplorer","timestamp":"2026-03-31T15:47:35.431Z"}
info: Checking translation changes {"context":"I18nService","timestamp":"2026-03-31T15:47:35.986Z"}
info: No changes detected {"context":"I18nService","timestamp":"2026-03-31T15:47:36.024Z"}
warn: Lock file exists, if you want init again, please remove FLAG:INSTALL in your redis {"timestamp":"2026-03-31T15:47:36.029Z"}
info: Nest application successfully started {"context":"NestApplication","timestamp":"2026-03-31T15:47:36.038Z"}
info: 管理员账号创建成功: admin@uctoo.com, ID: a1e543de-7089-486c-a71c-850d9f5285cd {"context":"SetupService","timestamp":"2026-03-31T15:50:36.432Z"}
